Note: Environment variable`HF_TOKEN` is set and is the current active token independently from the token you've just configured.
Hugging Face autenticado.
{'bbox': [-76.6, 3.3, -76.4, 3.55], 'start': '2020-01-01', 'end': '2024-12-31', 'cloud_pct_max': 60, 'bands': {'B01': 60, 'B02': 10, 'B03': 10, 'B04': 10, 'B05': 20, 'B06': 20, 'B07': 20, 'B08': 10, 'B8A': 20, 'B09': 60, 'B11': 20, 'B12': 20}, 'upload_to_hf': True, 'max_download_workers': 2}
Copernicus autenticado.
START_SCL_DOWNLOAD {'raw_scene_count': 198, 'already_scl_ok': 0, 'band': 'SCL', 'resolution_m': 20}
MONTH 2020-01 items=8
SCL_SCENE ok S2A_MSIL2A_20200102T153611_N0500_R068_T18NUJ_20230426T115242 size_mb= 2.016 ok= 1 errors= 0
SCL_SCENE ok S2B_MSIL2A_20200107T153619_N0500_R068_T18NUK_20230516T042122 size_mb= 2.249 ok= 2 errors= 0
SCL_SCENE ok S2B_MSIL2A_20200107T153619_N0500_R068_T18NUJ_20230516T042122 size_mb= 1.865 ok= 3 errors= 0
SCL_SCENE ok S2A_MSIL2A_20200112T153611_N0500_R068_T18NUK_20230429T094928 size_mb= 2.31 ok= 4 errors= 0
SCL_SCENE ok S2A_MSIL2A_20200112T153611_N0500_R068_T18NUJ_20230429T094928 size_mb= 2.067 ok= 5 errors= 0
SCL_SCENE ok S2B_MSIL2A_20200117T153619_N0500_R068_T18NUK_20230424T234703 size_mb= 1.915 ok= 6 errors= 0
SCL_SCENE ok S2B_MSIL2A_20200117T153619_N0500_R068_T18NUJ_20230424T234703 size_mb= 1.234 ok= 7 errors= 0
SCL_SCENE ok S2B_MSIL2A_20200127T153609_N0500_R068_T18NUJ_20230428T045725 size_mb= 2.129 ok= 8 errors= 0
MONTH 2020-02 items=7
SCL_SCENE ok S2A_MSIL2A_20200201T153611_N0500_R068_T18NUJ_20230426T195929 size_mb= 2.144 ok= 9 errors= 0
SCL_SCENE ok S2B_MSIL2A_20200206T153619_N0500_R068_T18NUK_20230427T073701 size_mb= 2.367 ok= 10 errors= 0
SCL_SCENE ok S2B_MSIL2A_20200206T153619_N0500_R068_T18NUJ_20230427T073701 size_mb= 1.305 ok= 11 errors= 0
SCL_SCENE ok S2A_MSIL2A_20200211T153611_N0500_R068_T18NUK_20230506T110653 size_mb= 2.523 ok= 12 errors= 0
SCL_SCENE ok S2A_MSIL2A_20200211T153611_N0500_R068_T18NUJ_20230506T110653 size_mb= 1.341 ok= 13 errors= 0
SCL_SCENE ok S2B_MSIL2A_20200216T153619_N0500_R068_T18NUK_20230426T172407 size_mb= 2.476 ok= 14 errors= 0
SCL_SCENE ok S2B_MSIL2A_20200216T153619_N0500_R068_T18NUJ_20230426T172407 size_mb= 1.914 ok= 15 errors= 0
MONTH 2020-03 items=3
SCL_SCENE ok S2A_MSIL2A_20200302T153611_N0500_R068_T18NUJ_20230422T173409 size_mb= 1.949 ok= 16 errors= 0
SCL_SCENE ok S2A_MSIL2A_20200322T153621_N0500_R068_T18NUK_20230409T004032 size_mb= 1.664 ok= 17 errors= 0
SCL_SCENE ok S2A_MSIL2A_20200322T153621_N0500_R068_T18NUJ_20230409T004032 size_mb= 1.158 ok= 18 errors= 0
MONTH 2020-04 items=1
SCL_SCENE ok S2B_MSIL2A_20200426T153619_N0500_R068_T18NUJ_20230407T094309 size_mb= 1.932 ok= 19 errors= 0
MONTH 2020-05 items=1
SCL_SCENE ok S2A_MSIL2A_20200521T153631_N0500_R068_T18NUJ_20230413T072616 size_mb= 2.013 ok= 20 errors= 0
MONTH 2020-06 items=2
SCL_SCENE ok S2B_MSIL2A_20200615T153619_N0500_R068_T18NUK_20230402T190351 size_mb= 2.702 ok= 21 errors= 0
SCL_SCENE ok S2B_MSIL2A_20200615T153619_N0500_R068_T18NUJ_20230402T190351 size_mb= 1.99 ok= 22 errors= 0
MONTH 2020-07 items=3
SCL_SCENE ok S2B_MSIL2A_20200715T153619_N0500_R068_T18NUK_20230322T200429 size_mb= 2.535 ok= 23 errors= 0
SCL_SCENE ok S2B_MSIL2A_20200715T153619_N0500_R068_T18NUJ_20230322T200429 size_mb= 1.809 ok= 24 errors= 0
SCL_SCENE ok S2A_MSIL2A_20200730T153631_N0500_R068_T18NUJ_20230326T214127 size_mb= 1.815 ok= 25 errors= 0
MONTH 2020-08 items=2
SCL_SCENE ok S2A_MSIL2A_20200809T153631_N0500_R068_T18NUJ_20230317T002445 size_mb= 1.533 ok= 26 errors= 0
SCL_SCENE ok S2B_MSIL2A_20200824T153619_N0500_R068_T18NUJ_20230318T182537 size_mb= 2.152 ok= 27 errors= 0
MONTH 2020-09 items=5
SCL_SCENE ok S2B_MSIL2A_20200903T153619_N0500_R068_T18NUK_20230310T082919 size_mb= 1.821 ok= 28 errors= 0
SCL_SCENE ok S2B_MSIL2A_20200903T153619_N0500_R068_T18NUJ_20230310T082919 size_mb= 1.451 ok= 29 errors= 0
SCL_SCENE ok S2B_MSIL2A_20200913T153619_N0500_R068_T18NUJ_20230420T092656 size_mb= 2.028 ok= 30 errors= 0
SCL_SCENE ok S2A_MSIL2A_20200928T153621_N0500_R068_T18NUK_20230420T030915 size_mb= 2.223 ok= 31 errors= 0
SCL_SCENE ok S2A_MSIL2A_20200928T153621_N0500_R068_T18NUJ_20230420T030915 size_mb= 1.51 ok= 32 errors= 0
MONTH 2020-10 items=3
SCL_SCENE ok S2A_MSIL2A_20201008T153631_N0500_R068_T18NUJ_20230411T110503 size_mb= 1.958 ok= 33 errors= 0
SCL_SCENE ok S2A_MSIL2A_20201018T153621_N0500_R068_T18NUJ_20230310T235603 size_mb= 1.769 ok= 34 errors= 0
SCL_SCENE ok S2B_MSIL2A_20201023T153619_N0500_R068_T18NUJ_20230306T092742 size_mb= 1.922 ok= 35 errors= 0
MONTH 2020-11 items=1
SCL_SCENE ok S2A_MSIL2A_20201107T153621_N0500_R068_T18NUJ_20230302T180658 size_mb= 1.985 ok= 36 errors= 0
MONTH 2020-12 items=0
MONTH 2021-01 items=4
SCL_SCENE ok S2A_MSIL2A_20210116T153621_N0500_R068_T18NUK_20230610T012640 size_mb= 2.136 ok= 37 errors= 0
SCL_SCENE ok S2A_MSIL2A_20210116T153621_N0500_R068_T18NUJ_20230610T012640 size_mb= 2.003 ok= 38 errors= 0
SCL_SCENE ok S2B_MSIL2A_20210131T153619_N0500_R068_T18NUK_20230607T131410 size_mb= 2.575 ok= 39 errors= 0
SCL_SCENE ok S2B_MSIL2A_20210131T153619_N0500_R068_T18NUJ_20230607T131410 size_mb= 1.396 ok= 40 errors= 0
MONTH 2021-02 items=1
SCL_SCENE ok S2B_MSIL2A_20210220T153619_N0500_R068_T18NUJ_20230607T124857 size_mb= 1.957 ok= 41 errors= 0
MONTH 2021-03 items=0
MONTH 2021-04 items=0
MONTH 2021-05 items=3
SCL_SCENE ok S2B_MSIL2A_20210501T153619_N0500_R068_T18NUK_20230204T031759 size_mb= 2.222 ok= 42 errors= 0
SCL_SCENE ok S2B_MSIL2A_20210501T153619_N0500_R068_T18NUJ_20230204T031759 size_mb= 1.835 ok= 43 errors= 0
SCL_SCENE ok S2B_MSIL2A_20210521T153619_N0500_R068_T18NUJ_20230207T135940 size_mb= 1.83 ok= 44 errors= 0
MONTH 2021-06 items=1
SCL_SCENE ok S2A_MSIL2A_20210615T153621_N0500_R068_T18NUK_20230317T044136 size_mb= 2.182 ok= 45 errors= 0
MONTH 2021-07 items=8
SCL_SCENE ok S2A_MSIL2A_20210705T153621_N0500_R068_T18NUK_20230124T084901 size_mb= 1.928 ok= 46 errors= 0
SCL_SCENE ok S2A_MSIL2A_20210705T153621_N0500_R068_T18NUJ_20230124T084901 size_mb= 1.171 ok= 47 errors= 0
SCL_SCENE ok S2A_MSIL2A_20210715T153621_N0500_R068_T18NUJ_20230227T215725 size_mb= 1.882 ok= 48 errors= 0
SCL_SCENE ok S2B_MSIL2A_20210720T153619_N0500_R068_T18NUK_20230129T132543 size_mb= 0.476 ok= 49 errors= 0
SCL_SCENE ok S2B_MSIL2A_20210720T153619_N0500_R068_T18NUK_20230125T024040 size_mb= 2.268 ok= 50 errors= 0
SCL_SCENE ok S2B_MSIL2A_20210720T153619_N0500_R068_T18NUJ_20230129T132543 size_mb= 1.472 ok= 51 errors= 0
SCL_SCENE ok S2B_MSIL2A_20210720T153619_N0500_R068_T18NUJ_20230125T024040 size_mb= 0.128 ok= 52 errors= 0
SCL_SCENE ok S2B_MSIL2A_20210730T153619_N0500_R068_T18NUK_20230203T123223 size_mb= 2.1 ok= 53 errors= 0
MONTH 2021-08 items=2
SCL_SCENE ok S2A_MSIL2A_20210804T153621_N0500_R068_T18NUK_20230115T131835 size_mb= 1.447 ok= 54 errors= 0
SCL_SCENE ok S2A_MSIL2A_20210804T153621_N0500_R068_T18NUJ_20230115T131835 size_mb= 0.97 ok= 55 errors= 0
MONTH 2021-09 items=5
SCL_SCENE ok S2A_MSIL2A_20210903T153621_N0500_R068_T18NUK_20230110T115157 size_mb= 2.319 ok= 56 errors= 0
SCL_SCENE ok S2A_MSIL2A_20210903T153621_N0500_R068_T18NUJ_20230110T115157 size_mb= 1.856 ok= 57 errors= 0
SCL_SCENE ok S2A_MSIL2A_20210913T153621_N0500_R068_T18NUK_20230114T050842 size_mb= 2.589 ok= 58 errors= 0
SCL_SCENE ok S2A_MSIL2A_20210913T153621_N0500_R068_T18NUJ_20230114T050842 size_mb= 2.111 ok= 59 errors= 0
SCL_SCENE ok S2B_MSIL2A_20210918T153619_N0500_R068_T18NUJ_20230113T125055 size_mb= 1.187 ok= 60 errors= 0
MONTH 2021-10 items=6
SCL_SCENE ok S2A_MSIL2A_20211003T153621_N0500_R068_T18NUJ_20230112T102129 size_mb= 1.771 ok= 61 errors= 0
SCL_SCENE ok S2B_MSIL2A_20211008T153619_N0500_R068_T18NUJ_20230108T090330 size_mb= 1.868 ok= 62 errors= 0
SCL_SCENE ok S2A_MSIL2A_20211013T153621_N0500_R068_T18NUK_20230112T234425 size_mb= 2.319 ok= 63 errors= 0
SCL_SCENE ok S2A_MSIL2A_20211013T153621_N0500_R068_T18NUJ_20230112T234425 size_mb= 1.991 ok= 64 errors= 0
SCL_SCENE ok S2B_MSIL2A_20211018T153619_N0500_R068_T18NUJ_20230115T202314 size_mb= 1.966 ok= 65 errors= 0
SCL_SCENE ok S2B_MSIL2A_20211028T153619_N0500_R068_T18NUJ_20230114T010855 size_mb= 2.366 ok= 66 errors= 0
MONTH 2021-11 items=5
SCL_SCENE ok S2A_MSIL2A_20211102T153621_N0500_R068_T18NUK_20221229T025954 size_mb= 2.208 ok= 67 errors= 0
SCL_SCENE ok S2A_MSIL2A_20211102T153621_N0500_R068_T18NUJ_20221229T025954 size_mb= 2.112 ok= 68 errors= 0
SCL_SCENE ok S2B_MSIL2A_20211107T153619_N0500_R068_T18NUJ_20230101T134442 size_mb= 1.868 ok= 69 errors= 0
SCL_SCENE ok S2B_MSIL2A_20211127T153619_N0500_R068_T18NUK_20230102T092237 size_mb= 2.79 ok= 70 errors= 0
SCL_SCENE ok S2B_MSIL2A_20211127T153619_N0500_R068_T18NUJ_20230102T092237 size_mb= 2.158 ok= 71 errors= 0
MONTH 2021-12 items=2
SCL_SCENE ok S2A_MSIL2A_20211202T153621_N0500_R068_T18NUK_20221225T053255 size_mb= 2.72 ok= 72 errors= 0
SCL_SCENE ok S2A_MSIL2A_20211202T153621_N0500_R068_T18NUJ_20221225T053255 size_mb= 1.996 ok= 73 errors= 0
MONTH 2022-01 items=1
SCL_SCENE ok S2B_MSIL2A_20220116T153619_N0510_R068_T18NUJ_20240501T001454 size_mb= 1.95 ok= 74 errors= 0
MONTH 2022-02 items=1
SCL_SCENE ok S2A_MSIL2A_20220220T153621_N0510_R068_T18NUK_20240516T195649 size_mb= 2.491 ok= 75 errors= 0
MONTH 2022-03 items=0
MONTH 2022-04 items=4
SCL_SCENE ok S2B_MSIL2A_20220406T153619_N0510_R068_T18NUK_20240602T092003 size_mb= 1.689 ok= 76 errors= 0
SCL_SCENE ok S2B_MSIL2A_20220406T153619_N0510_R068_T18NUJ_20240602T092003 size_mb= 2.073 ok= 77 errors= 0
SCL_SCENE ok S2A_MSIL2A_20220421T153621_N0510_R068_T18NUJ_20240605T075002 size_mb= 2.127 ok= 78 errors= 0
SCL_SCENE ok S2B_MSIL2A_20220426T153609_N0510_R068_T18NUJ_20240610T175638 size_mb= 1.948 ok= 79 errors= 0
MONTH 2022-05 items=1
SCL_SCENE ok S2A_MSIL2A_20220511T153621_N0510_R068_T18NUJ_20241127T221012 size_mb= 1.998 ok= 80 errors= 0
MONTH 2022-06 items=2
SCL_SCENE ok S2B_MSIL2A_20220605T153619_N0510_R068_T18NUJ_20240619T174118 size_mb= 1.878 ok= 81 errors= 0
SCL_SCENE ok S2B_MSIL2A_20220615T153619_N0510_R068_T18NUJ_20240620T134414 size_mb= 1.945 ok= 82 errors= 0
MONTH 2022-07 items=2
SCL_SCENE ok S2A_MSIL2A_20220707T152651_N0510_R025_T18NUJ_20240626T073228 size_mb= 1.752 ok= 83 errors= 0
SCL_SCENE ok S2A_MSIL2A_20220730T153631_N0510_R068_T18NUJ_20240712T000005 size_mb= 1.559 ok= 84 errors= 0
MONTH 2022-08 items=3
SCL_SCENE ok S2B_MSIL2A_20220824T153619_N0510_R068_T18NUK_20240722T110119 size_mb= 2.34 ok= 85 errors= 0
SCL_SCENE ok S2B_MSIL2A_20220824T153619_N0510_R068_T18NUJ_20240722T110119 size_mb= 1.374 ok= 86 errors= 0
SCL_SCENE ok S2A_MSIL2A_20220829T153631_N0510_R068_T18NUK_20240718T221245 size_mb= 2.463 ok= 87 errors= 0
MONTH 2022-09 items=7
SCL_SCENE ok S2B_MSIL2A_20220903T153619_N0510_R068_T18NUK_20240629T090012 size_mb= 2.163 ok= 88 errors= 0
SCL_SCENE ok S2A_MSIL2A_20220908T153631_N0510_R068_T18NUK_20240728T164946 size_mb= 2.208 ok= 89 errors= 0
SCL_SCENE ok S2A_MSIL2A_20220908T153631_N0510_R068_T18NUJ_20240728T164946 size_mb= 1.688 ok= 90 errors= 0
SCL_SCENE ok S2B_MSIL2A_20220913T153619_N0510_R068_T18NUK_20240731T161858 size_mb= 2.798 ok= 91 errors= 0
SCL_SCENE ok S2B_MSIL2A_20220913T153619_N0510_R068_T18NUJ_20240731T161858 size_mb= 2.049 ok= 92 errors= 0
SCL_SCENE ok S2B_MSIL2A_20220923T153619_N0510_R068_T18NUK_20240730T185836 size_mb= 2.527 ok= 93 errors= 0
SCL_SCENE ok S2B_MSIL2A_20220923T153619_N0510_R068_T18NUJ_20240730T185836 size_mb= 1.67 ok= 94 errors= 0
MONTH 2022-10 items=2
SCL_SCENE ok S2B_MSIL2A_20221003T153619_N0510_R068_T18NUK_20240731T195704 size_mb= 2.25 ok= 95 errors= 0
SCL_SCENE ok S2B_MSIL2A_20221003T153619_N0510_R068_T18NUJ_20240731T195704 size_mb= 1.736 ok= 96 errors= 0
MONTH 2022-11 items=0
MONTH 2022-12 items=1
SCL_SCENE ok S2B_MSIL2A_20221222T153619_N0510_R068_T18NUJ_20240807T044726 size_mb= 1.991 ok= 97 errors= 0
MONTH 2023-01 items=4
SCL_SCENE ok S2A_MSIL2A_20230106T153621_N0510_R068_T18NUJ_20240808T083901 size_mb= 1.929 ok= 98 errors= 0
SCL_SCENE ok S2A_MSIL2A_20230116T153621_N0510_R068_T18NUJ_20240811T115319 size_mb= 1.858 ok= 99 errors= 0
SCL_SCENE ok S2A_MSIL2A_20230126T153621_N0510_R068_T18NUK_20240812T132717 size_mb= 2.464 ok= 100 errors= 0
SCL_SCENE ok S2A_MSIL2A_20230126T153621_N0510_R068_T18NUJ_20240812T132717 size_mb= 1.905 ok= 101 errors= 0
MONTH 2023-02 items=5
SCL_SCENE ok S2A_MSIL2A_20230205T153621_N0510_R068_T18NUK_20240815T042649 size_mb= 1.984 ok= 102 errors= 0
SCL_SCENE ok S2A_MSIL2A_20230205T153621_N0510_R068_T18NUJ_20240815T042649 size_mb= 1.645 ok= 103 errors= 0
SCL_SCENE ok S2B_MSIL2A_20230210T153619_N0510_R068_T18NUK_20240813T214510 size_mb= 2.483 ok= 104 errors= 0
SCL_SCENE ok S2B_MSIL2A_20230210T153619_N0510_R068_T18NUJ_20240813T214510 size_mb= 2.004 ok= 105 errors= 0
SCL_SCENE ok S2A_MSIL2A_20230225T153621_N0510_R068_T18NUJ_20240818T070745 size_mb= 1.971 ok= 106 errors= 0
MONTH 2023-03 items=2
SCL_SCENE ok S2B_MSIL2A_20230302T153619_N0510_R068_T18NUJ_20240818T033845 size_mb= 2.137 ok= 107 errors= 0
SCL_SCENE ok S2A_MSIL2A_20230317T153621_N0510_R068_T18NUJ_20240823T083936 size_mb= 1.836 ok= 108 errors= 0
MONTH 2023-04 items=1
SCL_SCENE ok S2B_MSIL2A_20230401T153619_N0510_R068_T18NUJ_20240828T071757 size_mb= 1.91 ok= 109 errors= 0
MONTH 2023-05 items=6
SCL_SCENE ok S2B_MSIL2A_20230501T153619_N0510_R068_T18NUK_20240908T081411 size_mb= 2.485 ok= 110 errors= 0
SCL_SCENE ok S2B_MSIL2A_20230501T153619_N0510_R068_T18NUJ_20240908T081411 size_mb= 1.844 ok= 111 errors= 0
SCL_SCENE ok S2B_MSIL2A_20230511T153619_N0510_R068_T18NUK_20240906T062843 size_mb= 2.356 ok= 112 errors= 0
SCL_SCENE ok S2B_MSIL2A_20230511T153619_N0510_R068_T18NUJ_20240906T062843 size_mb= 1.82 ok= 113 errors= 0
SCL_SCENE ok S2B_MSIL2A_20230518T152639_N0510_R025_T18NUJ_20240906T090343 size_mb= 1.975 ok= 114 errors= 0
SCL_SCENE ok S2B_MSIL2A_20230531T153619_N0510_R068_T18NUJ_20240908T004752 size_mb= 2.135 ok= 115 errors= 0
MONTH 2023-06 items=3
SCL_SCENE ok S2B_MSIL2A_20230610T153619_N0510_R068_T18NUK_20240912T091853 size_mb= 2.296 ok= 116 errors= 0
SCL_SCENE ok S2B_MSIL2A_20230610T153619_N0510_R068_T18NUJ_20240912T091853 size_mb= 1.978 ok= 117 errors= 0
SCL_SCENE ok S2B_MSIL2A_20230620T153619_N0510_R068_T18NUJ_20240910T093212 size_mb= 1.268 ok= 118 errors= 0
MONTH 2023-07 items=5
SCL_SCENE ok S2B_MSIL2A_20230710T153619_N0510_R068_T18NUJ_20241010T223120 size_mb= 1.173 ok= 119 errors= 0
SCL_SCENE ok S2A_MSIL2A_20230715T153621_N0510_R068_T18NUK_20241012T211413 size_mb= 2.671 ok= 120 errors= 0
SCL_SCENE ok S2A_MSIL2A_20230715T153621_N0510_R068_T18NUJ_20241012T211413 size_mb= 2.031 ok= 121 errors= 0
SCL_SCENE ok S2B_MSIL2A_20230720T153629_N0510_R068_T18NUK_20241013T101620 size_mb= 1.837 ok= 122 errors= 0
SCL_SCENE ok S2B_MSIL2A_20230720T153629_N0510_R068_T18NUJ_20241013T101620 size_mb= 1.228 ok= 123 errors= 0
MONTH 2023-08 items=7
SCL_SCENE ok S2A_MSIL2A_20230804T153621_N0510_R068_T18NUK_20241026T133911 size_mb= 2.44 ok= 124 errors= 0
SCL_SCENE ok S2A_MSIL2A_20230804T153621_N0510_R068_T18NUJ_20241026T133911 size_mb= 1.478 ok= 125 errors= 0
SCL_SCENE ok S2A_MSIL2A_20230814T153621_N0510_R068_T18NUK_20241020T072802 size_mb= 2.693 ok= 126 errors= 0
SCL_SCENE ok S2B_MSIL2A_20230819T153629_N0510_R068_T18NUK_20241027T133936 size_mb= 2.586 ok= 127 errors= 0
SCL_SCENE ok S2B_MSIL2A_20230819T153629_N0510_R068_T18NUJ_20241027T133936 size_mb= 1.967 ok= 128 errors= 0
SCL_SCENE ok S2B_MSIL2A_20230829T153619_N0510_R068_T18NUK_20241019T035245 size_mb= 2.197 ok= 129 errors= 0
SCL_SCENE ok S2B_MSIL2A_20230829T153619_N0510_R068_T18NUJ_20241019T035245 size_mb= 1.563 ok= 130 errors= 0
MONTH 2023-09 items=4
SCL_SCENE ok S2B_MSIL2A_20230908T153619_N0510_R068_T18NUJ_20241104T110413 size_mb= 1.447 ok= 131 errors= 0
SCL_SCENE ok S2A_MSIL2A_20230913T153621_N0510_R068_T18NUK_20241025T055729 size_mb= 2.26 ok= 132 errors= 0
SCL_SCENE ok S2A_MSIL2A_20230913T153621_N0510_R068_T18NUJ_20241025T055729 size_mb= 2.066 ok= 133 errors= 0
SCL_SCENE ok S2A_MSIL2A_20230923T153621_N0510_R068_T18NUJ_20241105T100008 size_mb= 1.757 ok= 134 errors= 0
MONTH 2023-10 items=4
SCL_SCENE ok S2A_MSIL2A_20231013T153621_N0510_R068_T18NUJ_20241107T010950 size_mb= 1.836 ok= 135 errors= 0
SCL_SCENE ok S2B_MSIL2A_20231018T153619_N0510_R068_T18NUK_20240916T193932 size_mb= 2.579 ok= 136 errors= 0
SCL_SCENE ok S2A_MSIL2A_20231023T153631_N0510_R068_T18NUK_20240917T223603 size_mb= 2.152 ok= 137 errors= 0
SCL_SCENE ok S2A_MSIL2A_20231023T153631_N0510_R068_T18NUJ_20240917T223603 size_mb= 1.877 ok= 138 errors= 0
MONTH 2023-11 items=2
SCL_SCENE ok S2B_MSIL2A_20231127T153619_N0510_R068_T18NUK_20241026T034938 size_mb= 2.574 ok= 139 errors= 0
SCL_SCENE ok S2B_MSIL2A_20231127T153619_N0510_R068_T18NUJ_20241026T034938 size_mb= 2.019 ok= 140 errors= 0
MONTH 2023-12 items=2
SCL_SCENE ok S2B_MSIL2A_20231207T153619_N0510_R068_T18NUK_20241109T105913 size_mb= 2.702 ok= 141 errors= 0
SCL_SCENE ok S2A_MSIL2A_20231212T153621_N0510_R068_T18NUJ_20241109T145746 size_mb= 1.209 ok= 142 errors= 0
MONTH 2024-01 items=8
SCL_SCENE ok S2B_MSIL2A_20240106T153629_N0510_R068_T18NUK_20240106T193351 size_mb= 2.344 ok= 143 errors= 0
SCL_SCENE ok S2B_MSIL2A_20240106T153629_N0510_R068_T18NUJ_20240106T193351 size_mb= 1.745 ok= 144 errors= 0
SCL_SCENE ok S2A_MSIL2A_20240111T153621_N0510_R068_T18NUJ_20240111T204451 size_mb= 1.922 ok= 145 errors= 0
SCL_SCENE ok S2B_MSIL2A_20240116T153629_N0510_R068_T18NUK_20240116T192739 size_mb= 2.525 ok= 146 errors= 0
SCL_SCENE ok S2B_MSIL2A_20240116T153629_N0510_R068_T18NUJ_20240116T192739 size_mb= 2.038 ok= 147 errors= 0
SCL_SCENE ok S2B_MSIL2A_20240126T153629_N0510_R068_T18NUK_20240126T192933 size_mb= 2.231 ok= 148 errors= 0
SCL_SCENE ok S2B_MSIL2A_20240126T153629_N0510_R068_T18NUJ_20240126T192933 size_mb= 1.425 ok= 149 errors= 0
SCL_SCENE ok S2A_MSIL2A_20240131T153621_N0510_R068_T18NUJ_20240131T204352 size_mb= 1.895 ok= 150 errors= 0
MONTH 2024-02 items=4
SCL_SCENE ok S2B_MSIL2A_20240215T153629_N0510_R068_T18NUK_20240215T204204 size_mb= 2.268 ok= 151 errors= 0
SCL_SCENE ok S2B_MSIL2A_20240215T153629_N0510_R068_T18NUJ_20240215T204204 size_mb= 1.353 ok= 152 errors= 0
SCL_SCENE ok S2A_MSIL2A_20240220T153621_N0510_R068_T18NUJ_20240220T205851 size_mb= 1.955 ok= 153 errors= 0
SCL_SCENE ok S2B_MSIL2A_20240225T153629_N0510_R068_T18NUJ_20240225T210732 size_mb= 1.958 ok= 154 errors= 0
MONTH 2024-03 items=3
SCL_SCENE ok S2B_MSIL2A_20240316T153629_N0510_R068_T18NUK_20240316T204142 size_mb= 2.324 ok= 155 errors= 0
SCL_SCENE ok S2B_MSIL2A_20240316T153629_N0510_R068_T18NUJ_20240316T204142 size_mb= 1.695 ok= 156 errors= 0
SCL_SCENE ok S2B_MSIL2A_20240326T153629_N0510_R068_T18NUK_20240326T212126 size_mb= 2.505 ok= 157 errors= 0
MONTH 2024-04 items=5
SCL_SCENE ok S2B_MSIL2A_20240405T153629_N0510_R068_T18NUK_20240405T214503 size_mb= 2.699 ok= 158 errors= 0
SCL_SCENE ok S2A_MSIL2A_20240410T153631_N0510_R068_T18NUK_20240410T222654 size_mb= 2.066 ok= 159 errors= 0
SCL_SCENE ok S2A_MSIL2A_20240410T153631_N0510_R068_T18NUJ_20240410T222654 size_mb= 1.643 ok= 160 errors= 0
SCL_SCENE ok S2A_MSIL2A_20240420T153631_N0510_R068_T18NUK_20240420T221250 size_mb= 2.423 ok= 161 errors= 0
SCL_SCENE ok S2A_MSIL2A_20240430T153631_N0510_R068_T18NUJ_20240430T204052 size_mb= 1.929 ok= 162 errors= 0
MONTH 2024-05 items=2
SCL_SCENE ok S2A_MSIL2A_20240530T153631_N0510_R068_T18NUK_20240530T233411 size_mb= 1.412 ok= 163 errors= 0
SCL_SCENE ok S2A_MSIL2A_20240530T153631_N0510_R068_T18NUJ_20240530T233411 size_mb= 2.008 ok= 164 errors= 0
MONTH 2024-06 items=4
SCL_SCENE ok S2A_MSIL2A_20240609T153631_N0510_R068_T18NUJ_20240609T224144 size_mb= 2.042 ok= 165 errors= 0
SCL_SCENE ok S2B_MSIL2A_20240624T153629_N0510_R068_T18NUK_20240624T210611 size_mb= 2.68 ok= 166 errors= 0
SCL_SCENE ok S2A_MSIL2A_20240629T153631_N0510_R068_T18NUK_20240629T223352 size_mb= 2.692 ok= 167 errors= 0
SCL_SCENE ok S2A_MSIL2A_20240629T153631_N0510_R068_T18NUJ_20240629T223352 size_mb= 1.991 ok= 168 errors= 0
MONTH 2024-07 items=2
SCL_SCENE ok S2A_MSIL2A_20240729T153631_N0511_R068_T18NUK_20240730T000450 size_mb= 1.468 ok= 169 errors= 0
SCL_SCENE ok S2A_MSIL2A_20240729T153631_N0511_R068_T18NUJ_20240730T000450 size_mb= 1.466 ok= 170 errors= 0
MONTH 2024-08 items=10
SCL_SCENE ok S2A_MSIL2A_20240808T153631_N0511_R068_T18NUK_20240809T000205 size_mb= 2.537 ok= 171 errors= 0
SCL_SCENE ok S2A_MSIL2A_20240808T153631_N0511_R068_T18NUJ_20240809T000205 size_mb= 2.117 ok= 172 errors= 0
SCL_SCENE ok S2B_MSIL2A_20240813T153629_N0511_R068_T18NUK_20240813T210539 size_mb= 2.329 ok= 173 errors= 0
SCL_SCENE ok S2B_MSIL2A_20240813T153629_N0511_R068_T18NUJ_20240813T210539 size_mb= 1.953 ok= 174 errors= 0
SCL_SCENE ok S2A_MSIL2A_20240818T153631_N0511_R068_T18NUK_20240818T222744 size_mb= 1.972 ok= 175 errors= 0
SCL_SCENE ok S2A_MSIL2A_20240818T153631_N0511_R068_T18NUJ_20240818T222744 size_mb= 1.107 ok= 176 errors= 0
SCL_SCENE ok S2B_MSIL2A_20240823T153629_N0511_R068_T18NUK_20240823T221138 size_mb= 2.382 ok= 177 errors= 0
SCL_SCENE ok S2B_MSIL2A_20240823T153629_N0511_R068_T18NUJ_20240823T221138 size_mb= 2.037 ok= 178 errors= 0
SCL_SCENE ok S2A_MSIL2A_20240828T153621_N0511_R068_T18NUK_20240828T220158 size_mb= 2.263 ok= 179 errors= 0
SCL_SCENE ok S2A_MSIL2A_20240828T153621_N0511_R068_T18NUJ_20240828T220158 size_mb= 1.368 ok= 180 errors= 0
MONTH 2024-09 items=5
SCL_SCENE ok S2B_MSIL2A_20240902T153629_N0511_R068_T18NUK_20240902T204032 size_mb= 2.523 ok= 181 errors= 0
SCL_SCENE ok S2B_MSIL2A_20240902T153629_N0511_R068_T18NUJ_20240902T204032 size_mb= 1.555 ok= 182 errors= 0
SCL_SCENE ok S2B_MSIL2A_20240912T153629_N0511_R068_T18NUJ_20240912T212704 size_mb= 1.954 ok= 183 errors= 0
SCL_SCENE ok S2A_MSIL2A_20240917T153631_N0511_R068_T18NUK_20240917T233800 size_mb= 2.313 ok= 184 errors= 0
SCL_SCENE ok S2A_MSIL2A_20240917T153631_N0511_R068_T18NUJ_20240917T233800 size_mb= 1.711 ok= 185 errors= 0
MONTH 2024-10 items=6
SCL_SCENE ok S2B_MSIL2A_20241002T153629_N0511_R068_T18NUK_20241002T212040 size_mb= 2.627 ok= 186 errors= 0
SCL_SCENE ok S2B_MSIL2A_20241002T153629_N0511_R068_T18NUJ_20241002T212040 size_mb= 1.779 ok= 187 errors= 0
SCL_SCENE ok S2B_MSIL2A_20241012T153629_N0511_R068_T18NUK_20241012T211329 size_mb= 2.514 ok= 188 errors= 0
SCL_SCENE ok S2B_MSIL2A_20241012T153629_N0511_R068_T18NUJ_20241012T211329 size_mb= 2.054 ok= 189 errors= 0
SCL_SCENE ok S2A_MSIL2A_20241017T153631_N0511_R068_T18NUK_20241017T205049 size_mb= 2.493 ok= 190 errors= 0
SCL_SCENE ok S2A_MSIL2A_20241017T153631_N0511_R068_T18NUJ_20241017T205049 size_mb= 1.669 ok= 191 errors= 0
MONTH 2024-11 items=2
SCL_SCENE ok S2A_MSIL2A_20241106T153621_N0511_R068_T18NUK_20241106T204953 size_mb= 1.803 ok= 192 errors= 0
SCL_SCENE ok S2A_MSIL2A_20241106T153621_N0511_R068_T18NUJ_20241106T204953 size_mb= 1.874 ok= 193 errors= 0
MONTH 2024-12 items=5
SCL_SCENE ok S2B_MSIL2A_20241201T153629_N0511_R068_T18NUJ_20241201T192230 size_mb= 1.893 ok= 194 errors= 0
SCL_SCENE ok S2B_MSIL2A_20241211T153629_N0511_R068_T18NUK_20241211T221637 size_mb= 2.027 ok= 195 errors= 0
SCL_SCENE ok S2B_MSIL2A_20241211T153629_N0511_R068_T18NUJ_20241211T221637 size_mb= 1.939 ok= 196 errors= 0
SCL_SCENE ok S2A_MSIL2A_20241216T153631_N0511_R068_T18NUJ_20241216T204252 size_mb= 2.016 ok= 197 errors= 0
SCL_SCENE ok S2C_MSIL2A_20241216T153651_N0511_R068_T18NUJ_20260421T103338 size_mb= 2.025 ok= 198 errors= 0
SCL_DOWNLOAD_DONE {
  "created_at_utc": "2026-05-21T05:35:24.219597Z",
  "raw_scene_count": 198,
  "scl_scene_count_ok": 198,
  "scl_scene_count_error": 0,
  "scl_total_size_bytes": 392773045,
  "scl_total_size_gb_decimal": 0.393,
  "band": "SCL",
  "resolution_m": 20,
  "purpose": "Tile-level cloud/shadow quality mask. Not used as a CLIP image channel.",
  "scl_classes": {
    "0": "No data",
    "1": "Saturated or defective",
    "2": "Dark area pixels",
    "3": "Cloud shadows",
    "4": "Vegetation",
    "5": "Not vegetated",
    "6": "Water",
    "7": "Unclassified",
    "8": "Cloud medium probability",
    "9": "Cloud high probability",
    "10": "Thin cirrus",
    "11": "Snow or ice"
  },
  "recommended_bad_classes_for_tile_filter": [
    0,
    1,
    3,
    8,
    9,
    10,
    11
  ],
  "note": "SCL is added alongside the 12 optical Sentinel-2 L2A bands for quality filtering only."
}
