START_SCL_FEATURES {'scl_records': 198, 'already_done': 0}
SCL_FEATURE_OK 1 S2A_MSIL2A_20200102T153611_N0500_R068_T18NUJ_20230426T115242 -> /workspace/geovision-cali/outputs/sentinel2_scl_features_parts_20m/year=2020/month=01/tile=MGRS-18NUJ/S2A_MSIL2A_20200102T153611_N0500_R068_T18NUJ_20230426T115242.parquet
SCL_FEATURE_OK 2 S2B_MSIL2A_20200107T153619_N0500_R068_T18NUK_20230516T042122 -> /workspace/geovision-cali/outputs/sentinel2_scl_features_parts_20m/year=2020/month=01/tile=MGRS-18NUK/S2B_MSIL2A_20200107T153619_N0500_R068_T18NUK_20230516T042122.parquet
SCL_FEATURE_OK 3 S2B_MSIL2A_20200107T153619_N0500_R068_T18NUJ_20230516T042122 -> /workspace/geovision-cali/outputs/sentinel2_scl_features_parts_20m/year=2020/month=01/tile=MGRS-18NUJ/S2B_MSIL2A_20200107T153619_N0500_R068_T18NUJ_20230516T042122.parquet
SCL_FEATURE_OK 4 S2A_MSIL2A_20200112T153611_N0500_R068_T18NUK_20230429T094928 -> /workspace/geovision-cali/outputs/sentinel2_scl_features_parts_20m/year=2020/month=01/tile=MGRS-18NUK/S2A_MSIL2A_20200112T153611_N0500_R068_T18NUK_20230429T094928.parquet
SCL_FEATURE_OK 5 S2A_MSIL2A_20200112T153611_N0500_R068_T18NUJ_20230429T094928 -> /workspace/geovision-cali/outputs/sentinel2_scl_features_parts_20m/year=2020/month=01/tile=MGRS-18NUJ/S2A_MSIL2A_20200112T153611_N0500_R068_T18NUJ_20230429T094928.parquet
SCL_FEATURE_OK 6 S2B_MSIL2A_20200117T153619_N0500_R068_T18NUK_20230424T234703 -> /workspace/geovision-cali/outputs/sentinel2_scl_features_parts_20m/year=2020/month=01/tile=MGRS-18NUK/S2B_MSIL2A_20200117T153619_N0500_R068_T18NUK_20230424T234703.parquet
SCL_FEATURE_OK 7 S2B_MSIL2A_20200117T153619_N0500_R068_T18NUJ_20230424T234703 -> /workspace/geovision-cali/outputs/sentinel2_scl_features_parts_20m/year=2020/month=01/tile=MGRS-18NUJ/S2B_MSIL2A_20200117T153619_N0500_R068_T18NUJ_20230424T234703.parquet
SCL_FEATURE_OK 8 S2B_MSIL2A_20200127T153609_N0500_R068_T18NUJ_20230428T045725 -> /workspace/geovision-cali/outputs/sentinel2_scl_features_parts_20m/year=2020/month=01/tile=MGRS-18NUJ/S2B_MSIL2A_20200127T153609_N0500_R068_T18NUJ_20230428T045725.parquet
SCL_FEATURE_OK 9 S2A_MSIL2A_20200201T153611_N0500_R068_T18NUJ_20230426T195929 -> /workspace/geovision-cali/outputs/sentinel2_scl_features_parts_20m/year=2020/month=02/tile=MGRS-18NUJ/S2A_MSIL2A_20200201T153611_N0500_R068_T18NUJ_20230426T195929.parquet
SCL_FEATURE_OK 10 S2B_MSIL2A_20200206T153619_N0500_R068_T18NUK_20230427T073701 -> /workspace/geovision-cali/outputs/sentinel2_scl_features_parts_20m/year=2020/month=02/tile=MGRS-18NUK/S2B_MSIL2A_20200206T153619_N0500_R068_T18NUK_20230427T073701.parquet
SCL_FEATURE_OK 11 S2B_MSIL2A_20200206T153619_N0500_R068_T18NUJ_20230427T073701 -> /workspace/geovision-cali/outputs/sentinel2_scl_features_parts_20m/year=2020/month=02/tile=MGRS-18NUJ/S2B_MSIL2A_20200206T153619_N0500_R068_T18NUJ_20230427T073701.parquet
SCL_FEATURE_OK 12 S2A_MSIL2A_20200211T153611_N0500_R068_T18NUK_20230506T110653 -> /workspace/geovision-cali/outputs/sentinel2_scl_features_parts_20m/year=2020/month=02/tile=MGRS-18NUK/S2A_MSIL2A_20200211T153611_N0500_R068_T18NUK_20230506T110653.parquet
SCL_FEATURE_OK 13 S2A_MSIL2A_20200211T153611_N0500_R068_T18NUJ_20230506T110653 -> /workspace/geovision-cali/outputs/sentinel2_scl_features_parts_20m/year=2020/month=02/tile=MGRS-18NUJ/S2A_MSIL2A_20200211T153611_N0500_R068_T18NUJ_20230506T110653.parquet
SCL_FEATURE_OK 14 S2B_MSIL2A_20200216T153619_N0500_R068_T18NUK_20230426T172407 -> /workspace/geovision-cali/outputs/sentinel2_scl_features_parts_20m/year=2020/month=02/tile=MGRS-18NUK/S2B_MSIL2A_20200216T153619_N0500_R068_T18NUK_20230426T172407.parquet
SCL_FEATURE_OK 15 S2B_MSIL2A_20200216T153619_N0500_R068_T18NUJ_20230426T172407 -> /workspace/geovision-cali/outputs/sentinel2_scl_features_parts_20m/year=2020/month=02/tile=MGRS-18NUJ/S2B_MSIL2A_20200216T153619_N0500_R068_T18NUJ_20230426T172407.parquet
SCL_FEATURE_OK 16 S2A_MSIL2A_20200302T153611_N0500_R068_T18NUJ_20230422T173409 -> /workspace/geovision-cali/outputs/sentinel2_scl_features_parts_20m/year=2020/month=03/tile=MGRS-18NUJ/S2A_MSIL2A_20200302T153611_N0500_R068_T18NUJ_20230422T173409.parquet
SCL_FEATURE_OK 17 S2A_MSIL2A_20200322T153621_N0500_R068_T18NUK_20230409T004032 -> /workspace/geovision-cali/outputs/sentinel2_scl_features_parts_20m/year=2020/month=03/tile=MGRS-18NUK/S2A_MSIL2A_20200322T153621_N0500_R068_T18NUK_20230409T004032.parquet
SCL_FEATURE_OK 18 S2A_MSIL2A_20200322T153621_N0500_R068_T18NUJ_20230409T004032 -> /workspace/geovision-cali/outputs/sentinel2_scl_features_parts_20m/year=2020/month=03/tile=MGRS-18NUJ/S2A_MSIL2A_20200322T153621_N0500_R068_T18NUJ_20230409T004032.parquet
SCL_FEATURE_OK 19 S2B_MSIL2A_20200426T153619_N0500_R068_T18NUJ_20230407T094309 -> /workspace/geovision-cali/outputs/sentinel2_scl_features_parts_20m/year=2020/month=04/tile=MGRS-18NUJ/S2B_MSIL2A_20200426T153619_N0500_R068_T18NUJ_20230407T094309.parquet
SCL_FEATURE_OK 20 S2A_MSIL2A_20200521T153631_N0500_R068_T18NUJ_20230413T072616 -> /workspace/geovision-cali/outputs/sentinel2_scl_features_parts_20m/year=2020/month=05/tile=MGRS-18NUJ/S2A_MSIL2A_20200521T153631_N0500_R068_T18NUJ_20230413T072616.parquet
SCL_FEATURE_OK 21 S2B_MSIL2A_20200615T153619_N0500_R068_T18NUK_20230402T190351 -> /workspace/geovision-cali/outputs/sentinel2_scl_features_parts_20m/year=2020/month=06/tile=MGRS-18NUK/S2B_MSIL2A_20200615T153619_N0500_R068_T18NUK_20230402T190351.parquet
SCL_FEATURE_OK 22 S2B_MSIL2A_20200615T153619_N0500_R068_T18NUJ_20230402T190351 -> /workspace/geovision-cali/outputs/sentinel2_scl_features_parts_20m/year=2020/month=06/tile=MGRS-18NUJ/S2B_MSIL2A_20200615T153619_N0500_R068_T18NUJ_20230402T190351.parquet
SCL_FEATURE_OK 23 S2B_MSIL2A_20200715T153619_N0500_R068_T18NUK_20230322T200429 -> /workspace/geovision-cali/outputs/sentinel2_scl_features_parts_20m/year=2020/month=07/tile=MGRS-18NUK/S2B_MSIL2A_20200715T153619_N0500_R068_T18NUK_20230322T200429.parquet
SCL_FEATURE_OK 24 S2B_MSIL2A_20200715T153619_N0500_R068_T18NUJ_20230322T200429 -> /workspace/geovision-cali/outputs/sentinel2_scl_features_parts_20m/year=2020/month=07/tile=MGRS-18NUJ/S2B_MSIL2A_20200715T153619_N0500_R068_T18NUJ_20230322T200429.parquet
SCL_FEATURE_OK 25 S2A_MSIL2A_20200730T153631_N0500_R068_T18NUJ_20230326T214127 -> /workspace/geovision-cali/outputs/sentinel2_scl_features_parts_20m/year=2020/month=07/tile=MGRS-18NUJ/S2A_MSIL2A_20200730T153631_N0500_R068_T18NUJ_20230326T214127.parquet
SCL_FEATURE_OK 26 S2A_MSIL2A_20200809T153631_N0500_R068_T18NUJ_20230317T002445 -> /workspace/geovision-cali/outputs/sentinel2_scl_features_parts_20m/year=2020/month=08/tile=MGRS-18NUJ/S2A_MSIL2A_20200809T153631_N0500_R068_T18NUJ_20230317T002445.parquet
SCL_FEATURE_OK 27 S2B_MSIL2A_20200824T153619_N0500_R068_T18NUJ_20230318T182537 -> /workspace/geovision-cali/outputs/sentinel2_scl_features_parts_20m/year=2020/month=08/tile=MGRS-18NUJ/S2B_MSIL2A_20200824T153619_N0500_R068_T18NUJ_20230318T182537.parquet
SCL_FEATURE_OK 28 S2B_MSIL2A_20200903T153619_N0500_R068_T18NUK_20230310T082919 -> /workspace/geovision-cali/outputs/sentinel2_scl_features_parts_20m/year=2020/month=09/tile=MGRS-18NUK/S2B_MSIL2A_20200903T153619_N0500_R068_T18NUK_20230310T082919.parquet
SCL_FEATURE_OK 29 S2B_MSIL2A_20200903T153619_N0500_R068_T18NUJ_20230310T082919 -> /workspace/geovision-cali/outputs/sentinel2_scl_features_parts_20m/year=2020/month=09/tile=MGRS-18NUJ/S2B_MSIL2A_20200903T153619_N0500_R068_T18NUJ_20230310T082919.parquet
SCL_FEATURE_OK 30 S2B_MSIL2A_20200913T153619_N0500_R068_T18NUJ_20230420T092656 -> /workspace/geovision-cali/outputs/sentinel2_scl_features_parts_20m/year=2020/month=09/tile=MGRS-18NUJ/S2B_MSIL2A_20200913T153619_N0500_R068_T18NUJ_20230420T092656.parquet
SCL_FEATURE_OK 31 S2A_MSIL2A_20200928T153621_N0500_R068_T18NUK_20230420T030915 -> /workspace/geovision-cali/outputs/sentinel2_scl_features_parts_20m/year=2020/month=09/tile=MGRS-18NUK/S2A_MSIL2A_20200928T153621_N0500_R068_T18NUK_20230420T030915.parquet
SCL_FEATURE_OK 32 S2A_MSIL2A_20200928T153621_N0500_R068_T18NUJ_20230420T030915 -> /workspace/geovision-cali/outputs/sentinel2_scl_features_parts_20m/year=2020/month=09/tile=MGRS-18NUJ/S2A_MSIL2A_20200928T153621_N0500_R068_T18NUJ_20230420T030915.parquet
SCL_FEATURE_OK 33 S2A_MSIL2A_20201008T153631_N0500_R068_T18NUJ_20230411T110503 -> /workspace/geovision-cali/outputs/sentinel2_scl_features_parts_20m/year=2020/month=10/tile=MGRS-18NUJ/S2A_MSIL2A_20201008T153631_N0500_R068_T18NUJ_20230411T110503.parquet
SCL_FEATURE_OK 34 S2A_MSIL2A_20201018T153621_N0500_R068_T18NUJ_20230310T235603 -> /workspace/geovision-cali/outputs/sentinel2_scl_features_parts_20m/year=2020/month=10/tile=MGRS-18NUJ/S2A_MSIL2A_20201018T153621_N0500_R068_T18NUJ_20230310T235603.parquet
SCL_FEATURE_OK 35 S2B_MSIL2A_20201023T153619_N0500_R068_T18NUJ_20230306T092742 -> /workspace/geovision-cali/outputs/sentinel2_scl_features_parts_20m/year=2020/month=10/tile=MGRS-18NUJ/S2B_MSIL2A_20201023T153619_N0500_R068_T18NUJ_20230306T092742.parquet
SCL_FEATURE_OK 36 S2A_MSIL2A_20201107T153621_N0500_R068_T18NUJ_20230302T180658 -> /workspace/geovision-cali/outputs/sentinel2_scl_features_parts_20m/year=2020/month=11/tile=MGRS-18NUJ/S2A_MSIL2A_20201107T153621_N0500_R068_T18NUJ_20230302T180658.parquet
SCL_FEATURE_OK 37 S2A_MSIL2A_20210116T153621_N0500_R068_T18NUK_20230610T012640 -> /workspace/geovision-cali/outputs/sentinel2_scl_features_parts_20m/year=2021/month=01/tile=MGRS-18NUK/S2A_MSIL2A_20210116T153621_N0500_R068_T18NUK_20230610T012640.parquet
SCL_FEATURE_OK 38 S2A_MSIL2A_20210116T153621_N0500_R068_T18NUJ_20230610T012640 -> /workspace/geovision-cali/outputs/sentinel2_scl_features_parts_20m/year=2021/month=01/tile=MGRS-18NUJ/S2A_MSIL2A_20210116T153621_N0500_R068_T18NUJ_20230610T012640.parquet
SCL_FEATURE_OK 39 S2B_MSIL2A_20210131T153619_N0500_R068_T18NUK_20230607T131410 -> /workspace/geovision-cali/outputs/sentinel2_scl_features_parts_20m/year=2021/month=01/tile=MGRS-18NUK/S2B_MSIL2A_20210131T153619_N0500_R068_T18NUK_20230607T131410.parquet
SCL_FEATURE_OK 40 S2B_MSIL2A_20210131T153619_N0500_R068_T18NUJ_20230607T131410 -> /workspace/geovision-cali/outputs/sentinel2_scl_features_parts_20m/year=2021/month=01/tile=MGRS-18NUJ/S2B_MSIL2A_20210131T153619_N0500_R068_T18NUJ_20230607T131410.parquet
SCL_FEATURE_OK 41 S2B_MSIL2A_20210220T153619_N0500_R068_T18NUJ_20230607T124857 -> /workspace/geovision-cali/outputs/sentinel2_scl_features_parts_20m/year=2021/month=02/tile=MGRS-18NUJ/S2B_MSIL2A_20210220T153619_N0500_R068_T18NUJ_20230607T124857.parquet
SCL_FEATURE_OK 42 S2B_MSIL2A_20210501T153619_N0500_R068_T18NUK_20230204T031759 -> /workspace/geovision-cali/outputs/sentinel2_scl_features_parts_20m/year=2021/month=05/tile=MGRS-18NUK/S2B_MSIL2A_20210501T153619_N0500_R068_T18NUK_20230204T031759.parquet
SCL_FEATURE_OK 43 S2B_MSIL2A_20210501T153619_N0500_R068_T18NUJ_20230204T031759 -> /workspace/geovision-cali/outputs/sentinel2_scl_features_parts_20m/year=2021/month=05/tile=MGRS-18NUJ/S2B_MSIL2A_20210501T153619_N0500_R068_T18NUJ_20230204T031759.parquet
SCL_FEATURE_OK 44 S2B_MSIL2A_20210521T153619_N0500_R068_T18NUJ_20230207T135940 -> /workspace/geovision-cali/outputs/sentinel2_scl_features_parts_20m/year=2021/month=05/tile=MGRS-18NUJ/S2B_MSIL2A_20210521T153619_N0500_R068_T18NUJ_20230207T135940.parquet
SCL_FEATURE_OK 45 S2A_MSIL2A_20210615T153621_N0500_R068_T18NUK_20230317T044136 -> /workspace/geovision-cali/outputs/sentinel2_scl_features_parts_20m/year=2021/month=06/tile=MGRS-18NUK/S2A_MSIL2A_20210615T153621_N0500_R068_T18NUK_20230317T044136.parquet
SCL_FEATURE_OK 46 S2A_MSIL2A_20210705T153621_N0500_R068_T18NUK_20230124T084901 -> /workspace/geovision-cali/outputs/sentinel2_scl_features_parts_20m/year=2021/month=07/tile=MGRS-18NUK/S2A_MSIL2A_20210705T153621_N0500_R068_T18NUK_20230124T084901.parquet
SCL_FEATURE_OK 47 S2A_MSIL2A_20210705T153621_N0500_R068_T18NUJ_20230124T084901 -> /workspace/geovision-cali/outputs/sentinel2_scl_features_parts_20m/year=2021/month=07/tile=MGRS-18NUJ/S2A_MSIL2A_20210705T153621_N0500_R068_T18NUJ_20230124T084901.parquet
SCL_FEATURE_OK 48 S2A_MSIL2A_20210715T153621_N0500_R068_T18NUJ_20230227T215725 -> /workspace/geovision-cali/outputs/sentinel2_scl_features_parts_20m/year=2021/month=07/tile=MGRS-18NUJ/S2A_MSIL2A_20210715T153621_N0500_R068_T18NUJ_20230227T215725.parquet
SCL_FEATURE_OK 49 S2B_MSIL2A_20210720T153619_N0500_R068_T18NUK_20230129T132543 -> /workspace/geovision-cali/outputs/sentinel2_scl_features_parts_20m/year=2021/month=07/tile=MGRS-18NUK/S2B_MSIL2A_20210720T153619_N0500_R068_T18NUK_20230129T132543.parquet
SCL_FEATURE_OK 50 S2B_MSIL2A_20210720T153619_N0500_R068_T18NUK_20230125T024040 -> /workspace/geovision-cali/outputs/sentinel2_scl_features_parts_20m/year=2021/month=07/tile=MGRS-18NUK/S2B_MSIL2A_20210720T153619_N0500_R068_T18NUK_20230125T024040.parquet
SCL_FEATURE_OK 51 S2B_MSIL2A_20210720T153619_N0500_R068_T18NUJ_20230129T132543 -> /workspace/geovision-cali/outputs/sentinel2_scl_features_parts_20m/year=2021/month=07/tile=MGRS-18NUJ/S2B_MSIL2A_20210720T153619_N0500_R068_T18NUJ_20230129T132543.parquet
SCL_FEATURE_OK 52 S2B_MSIL2A_20210720T153619_N0500_R068_T18NUJ_20230125T024040 -> /workspace/geovision-cali/outputs/sentinel2_scl_features_parts_20m/year=2021/month=07/tile=MGRS-18NUJ/S2B_MSIL2A_20210720T153619_N0500_R068_T18NUJ_20230125T024040.parquet
SCL_FEATURE_OK 53 S2B_MSIL2A_20210730T153619_N0500_R068_T18NUK_20230203T123223 -> /workspace/geovision-cali/outputs/sentinel2_scl_features_parts_20m/year=2021/month=07/tile=MGRS-18NUK/S2B_MSIL2A_20210730T153619_N0500_R068_T18NUK_20230203T123223.parquet
SCL_FEATURE_OK 54 S2A_MSIL2A_20210804T153621_N0500_R068_T18NUK_20230115T131835 -> /workspace/geovision-cali/outputs/sentinel2_scl_features_parts_20m/year=2021/month=08/tile=MGRS-18NUK/S2A_MSIL2A_20210804T153621_N0500_R068_T18NUK_20230115T131835.parquet
SCL_FEATURE_OK 55 S2A_MSIL2A_20210804T153621_N0500_R068_T18NUJ_20230115T131835 -> /workspace/geovision-cali/outputs/sentinel2_scl_features_parts_20m/year=2021/month=08/tile=MGRS-18NUJ/S2A_MSIL2A_20210804T153621_N0500_R068_T18NUJ_20230115T131835.parquet
SCL_FEATURE_OK 56 S2A_MSIL2A_20210903T153621_N0500_R068_T18NUK_20230110T115157 -> /workspace/geovision-cali/outputs/sentinel2_scl_features_parts_20m/year=2021/month=09/tile=MGRS-18NUK/S2A_MSIL2A_20210903T153621_N0500_R068_T18NUK_20230110T115157.parquet
SCL_FEATURE_OK 57 S2A_MSIL2A_20210903T153621_N0500_R068_T18NUJ_20230110T115157 -> /workspace/geovision-cali/outputs/sentinel2_scl_features_parts_20m/year=2021/month=09/tile=MGRS-18NUJ/S2A_MSIL2A_20210903T153621_N0500_R068_T18NUJ_20230110T115157.parquet
SCL_FEATURE_OK 58 S2A_MSIL2A_20210913T153621_N0500_R068_T18NUK_20230114T050842 -> /workspace/geovision-cali/outputs/sentinel2_scl_features_parts_20m/year=2021/month=09/tile=MGRS-18NUK/S2A_MSIL2A_20210913T153621_N0500_R068_T18NUK_20230114T050842.parquet
SCL_FEATURE_OK 59 S2A_MSIL2A_20210913T153621_N0500_R068_T18NUJ_20230114T050842 -> /workspace/geovision-cali/outputs/sentinel2_scl_features_parts_20m/year=2021/month=09/tile=MGRS-18NUJ/S2A_MSIL2A_20210913T153621_N0500_R068_T18NUJ_20230114T050842.parquet
SCL_FEATURE_OK 60 S2B_MSIL2A_20210918T153619_N0500_R068_T18NUJ_20230113T125055 -> /workspace/geovision-cali/outputs/sentinel2_scl_features_parts_20m/year=2021/month=09/tile=MGRS-18NUJ/S2B_MSIL2A_20210918T153619_N0500_R068_T18NUJ_20230113T125055.parquet
SCL_FEATURE_OK 61 S2A_MSIL2A_20211003T153621_N0500_R068_T18NUJ_20230112T102129 -> /workspace/geovision-cali/outputs/sentinel2_scl_features_parts_20m/year=2021/month=10/tile=MGRS-18NUJ/S2A_MSIL2A_20211003T153621_N0500_R068_T18NUJ_20230112T102129.parquet
SCL_FEATURE_OK 62 S2B_MSIL2A_20211008T153619_N0500_R068_T18NUJ_20230108T090330 -> /workspace/geovision-cali/outputs/sentinel2_scl_features_parts_20m/year=2021/month=10/tile=MGRS-18NUJ/S2B_MSIL2A_20211008T153619_N0500_R068_T18NUJ_20230108T090330.parquet
SCL_FEATURE_OK 63 S2A_MSIL2A_20211013T153621_N0500_R068_T18NUK_20230112T234425 -> /workspace/geovision-cali/outputs/sentinel2_scl_features_parts_20m/year=2021/month=10/tile=MGRS-18NUK/S2A_MSIL2A_20211013T153621_N0500_R068_T18NUK_20230112T234425.parquet
SCL_FEATURE_OK 64 S2A_MSIL2A_20211013T153621_N0500_R068_T18NUJ_20230112T234425 -> /workspace/geovision-cali/outputs/sentinel2_scl_features_parts_20m/year=2021/month=10/tile=MGRS-18NUJ/S2A_MSIL2A_20211013T153621_N0500_R068_T18NUJ_20230112T234425.parquet
SCL_FEATURE_OK 65 S2B_MSIL2A_20211018T153619_N0500_R068_T18NUJ_20230115T202314 -> /workspace/geovision-cali/outputs/sentinel2_scl_features_parts_20m/year=2021/month=10/tile=MGRS-18NUJ/S2B_MSIL2A_20211018T153619_N0500_R068_T18NUJ_20230115T202314.parquet
SCL_FEATURE_OK 66 S2B_MSIL2A_20211028T153619_N0500_R068_T18NUJ_20230114T010855 -> /workspace/geovision-cali/outputs/sentinel2_scl_features_parts_20m/year=2021/month=10/tile=MGRS-18NUJ/S2B_MSIL2A_20211028T153619_N0500_R068_T18NUJ_20230114T010855.parquet
SCL_FEATURE_OK 67 S2A_MSIL2A_20211102T153621_N0500_R068_T18NUK_20221229T025954 -> /workspace/geovision-cali/outputs/sentinel2_scl_features_parts_20m/year=2021/month=11/tile=MGRS-18NUK/S2A_MSIL2A_20211102T153621_N0500_R068_T18NUK_20221229T025954.parquet
SCL_FEATURE_OK 68 S2A_MSIL2A_20211102T153621_N0500_R068_T18NUJ_20221229T025954 -> /workspace/geovision-cali/outputs/sentinel2_scl_features_parts_20m/year=2021/month=11/tile=MGRS-18NUJ/S2A_MSIL2A_20211102T153621_N0500_R068_T18NUJ_20221229T025954.parquet
SCL_FEATURE_OK 69 S2B_MSIL2A_20211107T153619_N0500_R068_T18NUJ_20230101T134442 -> /workspace/geovision-cali/outputs/sentinel2_scl_features_parts_20m/year=2021/month=11/tile=MGRS-18NUJ/S2B_MSIL2A_20211107T153619_N0500_R068_T18NUJ_20230101T134442.parquet
SCL_FEATURE_OK 70 S2B_MSIL2A_20211127T153619_N0500_R068_T18NUK_20230102T092237 -> /workspace/geovision-cali/outputs/sentinel2_scl_features_parts_20m/year=2021/month=11/tile=MGRS-18NUK/S2B_MSIL2A_20211127T153619_N0500_R068_T18NUK_20230102T092237.parquet
SCL_FEATURE_OK 71 S2B_MSIL2A_20211127T153619_N0500_R068_T18NUJ_20230102T092237 -> /workspace/geovision-cali/outputs/sentinel2_scl_features_parts_20m/year=2021/month=11/tile=MGRS-18NUJ/S2B_MSIL2A_20211127T153619_N0500_R068_T18NUJ_20230102T092237.parquet
SCL_FEATURE_OK 72 S2A_MSIL2A_20211202T153621_N0500_R068_T18NUK_20221225T053255 -> /workspace/geovision-cali/outputs/sentinel2_scl_features_parts_20m/year=2021/month=12/tile=MGRS-18NUK/S2A_MSIL2A_20211202T153621_N0500_R068_T18NUK_20221225T053255.parquet
SCL_FEATURE_OK 73 S2A_MSIL2A_20211202T153621_N0500_R068_T18NUJ_20221225T053255 -> /workspace/geovision-cali/outputs/sentinel2_scl_features_parts_20m/year=2021/month=12/tile=MGRS-18NUJ/S2A_MSIL2A_20211202T153621_N0500_R068_T18NUJ_20221225T053255.parquet
SCL_FEATURE_OK 74 S2B_MSIL2A_20220116T153619_N0510_R068_T18NUJ_20240501T001454 -> /workspace/geovision-cali/outputs/sentinel2_scl_features_parts_20m/year=2022/month=01/tile=MGRS-18NUJ/S2B_MSIL2A_20220116T153619_N0510_R068_T18NUJ_20240501T001454.parquet
SCL_FEATURE_OK 75 S2A_MSIL2A_20220220T153621_N0510_R068_T18NUK_20240516T195649 -> /workspace/geovision-cali/outputs/sentinel2_scl_features_parts_20m/year=2022/month=02/tile=MGRS-18NUK/S2A_MSIL2A_20220220T153621_N0510_R068_T18NUK_20240516T195649.parquet
SCL_FEATURE_OK 76 S2B_MSIL2A_20220406T153619_N0510_R068_T18NUK_20240602T092003 -> /workspace/geovision-cali/outputs/sentinel2_scl_features_parts_20m/year=2022/month=04/tile=MGRS-18NUK/S2B_MSIL2A_20220406T153619_N0510_R068_T18NUK_20240602T092003.parquet
SCL_FEATURE_OK 77 S2B_MSIL2A_20220406T153619_N0510_R068_T18NUJ_20240602T092003 -> /workspace/geovision-cali/outputs/sentinel2_scl_features_parts_20m/year=2022/month=04/tile=MGRS-18NUJ/S2B_MSIL2A_20220406T153619_N0510_R068_T18NUJ_20240602T092003.parquet
SCL_FEATURE_OK 78 S2A_MSIL2A_20220421T153621_N0510_R068_T18NUJ_20240605T075002 -> /workspace/geovision-cali/outputs/sentinel2_scl_features_parts_20m/year=2022/month=04/tile=MGRS-18NUJ/S2A_MSIL2A_20220421T153621_N0510_R068_T18NUJ_20240605T075002.parquet
SCL_FEATURE_OK 79 S2B_MSIL2A_20220426T153609_N0510_R068_T18NUJ_20240610T175638 -> /workspace/geovision-cali/outputs/sentinel2_scl_features_parts_20m/year=2022/month=04/tile=MGRS-18NUJ/S2B_MSIL2A_20220426T153609_N0510_R068_T18NUJ_20240610T175638.parquet
SCL_FEATURE_OK 80 S2A_MSIL2A_20220511T153621_N0510_R068_T18NUJ_20241127T221012 -> /workspace/geovision-cali/outputs/sentinel2_scl_features_parts_20m/year=2022/month=05/tile=MGRS-18NUJ/S2A_MSIL2A_20220511T153621_N0510_R068_T18NUJ_20241127T221012.parquet
SCL_FEATURE_OK 81 S2B_MSIL2A_20220605T153619_N0510_R068_T18NUJ_20240619T174118 -> /workspace/geovision-cali/outputs/sentinel2_scl_features_parts_20m/year=2022/month=06/tile=MGRS-18NUJ/S2B_MSIL2A_20220605T153619_N0510_R068_T18NUJ_20240619T174118.parquet
SCL_FEATURE_OK 82 S2B_MSIL2A_20220615T153619_N0510_R068_T18NUJ_20240620T134414 -> /workspace/geovision-cali/outputs/sentinel2_scl_features_parts_20m/year=2022/month=06/tile=MGRS-18NUJ/S2B_MSIL2A_20220615T153619_N0510_R068_T18NUJ_20240620T134414.parquet
SCL_FEATURE_OK 83 S2A_MSIL2A_20220707T152651_N0510_R025_T18NUJ_20240626T073228 -> /workspace/geovision-cali/outputs/sentinel2_scl_features_parts_20m/year=2022/month=07/tile=MGRS-18NUJ/S2A_MSIL2A_20220707T152651_N0510_R025_T18NUJ_20240626T073228.parquet
SCL_FEATURE_OK 84 S2A_MSIL2A_20220730T153631_N0510_R068_T18NUJ_20240712T000005 -> /workspace/geovision-cali/outputs/sentinel2_scl_features_parts_20m/year=2022/month=07/tile=MGRS-18NUJ/S2A_MSIL2A_20220730T153631_N0510_R068_T18NUJ_20240712T000005.parquet
SCL_FEATURE_OK 85 S2B_MSIL2A_20220824T153619_N0510_R068_T18NUK_20240722T110119 -> /workspace/geovision-cali/outputs/sentinel2_scl_features_parts_20m/year=2022/month=08/tile=MGRS-18NUK/S2B_MSIL2A_20220824T153619_N0510_R068_T18NUK_20240722T110119.parquet
SCL_FEATURE_OK 86 S2B_MSIL2A_20220824T153619_N0510_R068_T18NUJ_20240722T110119 -> /workspace/geovision-cali/outputs/sentinel2_scl_features_parts_20m/year=2022/month=08/tile=MGRS-18NUJ/S2B_MSIL2A_20220824T153619_N0510_R068_T18NUJ_20240722T110119.parquet
SCL_FEATURE_OK 87 S2A_MSIL2A_20220829T153631_N0510_R068_T18NUK_20240718T221245 -> /workspace/geovision-cali/outputs/sentinel2_scl_features_parts_20m/year=2022/month=08/tile=MGRS-18NUK/S2A_MSIL2A_20220829T153631_N0510_R068_T18NUK_20240718T221245.parquet
SCL_FEATURE_OK 88 S2B_MSIL2A_20220903T153619_N0510_R068_T18NUK_20240629T090012 -> /workspace/geovision-cali/outputs/sentinel2_scl_features_parts_20m/year=2022/month=09/tile=MGRS-18NUK/S2B_MSIL2A_20220903T153619_N0510_R068_T18NUK_20240629T090012.parquet
SCL_FEATURE_OK 89 S2A_MSIL2A_20220908T153631_N0510_R068_T18NUK_20240728T164946 -> /workspace/geovision-cali/outputs/sentinel2_scl_features_parts_20m/year=2022/month=09/tile=MGRS-18NUK/S2A_MSIL2A_20220908T153631_N0510_R068_T18NUK_20240728T164946.parquet
SCL_FEATURE_OK 90 S2A_MSIL2A_20220908T153631_N0510_R068_T18NUJ_20240728T164946 -> /workspace/geovision-cali/outputs/sentinel2_scl_features_parts_20m/year=2022/month=09/tile=MGRS-18NUJ/S2A_MSIL2A_20220908T153631_N0510_R068_T18NUJ_20240728T164946.parquet
SCL_FEATURE_OK 91 S2B_MSIL2A_20220913T153619_N0510_R068_T18NUK_20240731T161858 -> /workspace/geovision-cali/outputs/sentinel2_scl_features_parts_20m/year=2022/month=09/tile=MGRS-18NUK/S2B_MSIL2A_20220913T153619_N0510_R068_T18NUK_20240731T161858.parquet
SCL_FEATURE_OK 92 S2B_MSIL2A_20220913T153619_N0510_R068_T18NUJ_20240731T161858 -> /workspace/geovision-cali/outputs/sentinel2_scl_features_parts_20m/year=2022/month=09/tile=MGRS-18NUJ/S2B_MSIL2A_20220913T153619_N0510_R068_T18NUJ_20240731T161858.parquet
SCL_FEATURE_OK 93 S2B_MSIL2A_20220923T153619_N0510_R068_T18NUK_20240730T185836 -> /workspace/geovision-cali/outputs/sentinel2_scl_features_parts_20m/year=2022/month=09/tile=MGRS-18NUK/S2B_MSIL2A_20220923T153619_N0510_R068_T18NUK_20240730T185836.parquet
SCL_FEATURE_OK 94 S2B_MSIL2A_20220923T153619_N0510_R068_T18NUJ_20240730T185836 -> /workspace/geovision-cali/outputs/sentinel2_scl_features_parts_20m/year=2022/month=09/tile=MGRS-18NUJ/S2B_MSIL2A_20220923T153619_N0510_R068_T18NUJ_20240730T185836.parquet
SCL_FEATURE_OK 95 S2B_MSIL2A_20221003T153619_N0510_R068_T18NUK_20240731T195704 -> /workspace/geovision-cali/outputs/sentinel2_scl_features_parts_20m/year=2022/month=10/tile=MGRS-18NUK/S2B_MSIL2A_20221003T153619_N0510_R068_T18NUK_20240731T195704.parquet
SCL_FEATURE_OK 96 S2B_MSIL2A_20221003T153619_N0510_R068_T18NUJ_20240731T195704 -> /workspace/geovision-cali/outputs/sentinel2_scl_features_parts_20m/year=2022/month=10/tile=MGRS-18NUJ/S2B_MSIL2A_20221003T153619_N0510_R068_T18NUJ_20240731T195704.parquet
SCL_FEATURE_OK 97 S2B_MSIL2A_20221222T153619_N0510_R068_T18NUJ_20240807T044726 -> /workspace/geovision-cali/outputs/sentinel2_scl_features_parts_20m/year=2022/month=12/tile=MGRS-18NUJ/S2B_MSIL2A_20221222T153619_N0510_R068_T18NUJ_20240807T044726.parquet
SCL_FEATURE_OK 98 S2A_MSIL2A_20230106T153621_N0510_R068_T18NUJ_20240808T083901 -> /workspace/geovision-cali/outputs/sentinel2_scl_features_parts_20m/year=2023/month=01/tile=MGRS-18NUJ/S2A_MSIL2A_20230106T153621_N0510_R068_T18NUJ_20240808T083901.parquet
SCL_FEATURE_OK 99 S2A_MSIL2A_20230116T153621_N0510_R068_T18NUJ_20240811T115319 -> /workspace/geovision-cali/outputs/sentinel2_scl_features_parts_20m/year=2023/month=01/tile=MGRS-18NUJ/S2A_MSIL2A_20230116T153621_N0510_R068_T18NUJ_20240811T115319.parquet
SCL_FEATURE_OK 100 S2A_MSIL2A_20230126T153621_N0510_R068_T18NUK_20240812T132717 -> /workspace/geovision-cali/outputs/sentinel2_scl_features_parts_20m/year=2023/month=01/tile=MGRS-18NUK/S2A_MSIL2A_20230126T153621_N0510_R068_T18NUK_20240812T132717.parquet
SCL_FEATURE_OK 101 S2A_MSIL2A_20230126T153621_N0510_R068_T18NUJ_20240812T132717 -> /workspace/geovision-cali/outputs/sentinel2_scl_features_parts_20m/year=2023/month=01/tile=MGRS-18NUJ/S2A_MSIL2A_20230126T153621_N0510_R068_T18NUJ_20240812T132717.parquet
SCL_FEATURE_OK 102 S2A_MSIL2A_20230205T153621_N0510_R068_T18NUK_20240815T042649 -> /workspace/geovision-cali/outputs/sentinel2_scl_features_parts_20m/year=2023/month=02/tile=MGRS-18NUK/S2A_MSIL2A_20230205T153621_N0510_R068_T18NUK_20240815T042649.parquet
SCL_FEATURE_OK 103 S2A_MSIL2A_20230205T153621_N0510_R068_T18NUJ_20240815T042649 -> /workspace/geovision-cali/outputs/sentinel2_scl_features_parts_20m/year=2023/month=02/tile=MGRS-18NUJ/S2A_MSIL2A_20230205T153621_N0510_R068_T18NUJ_20240815T042649.parquet
SCL_FEATURE_OK 104 S2B_MSIL2A_20230210T153619_N0510_R068_T18NUK_20240813T214510 -> /workspace/geovision-cali/outputs/sentinel2_scl_features_parts_20m/year=2023/month=02/tile=MGRS-18NUK/S2B_MSIL2A_20230210T153619_N0510_R068_T18NUK_20240813T214510.parquet
SCL_FEATURE_OK 105 S2B_MSIL2A_20230210T153619_N0510_R068_T18NUJ_20240813T214510 -> /workspace/geovision-cali/outputs/sentinel2_scl_features_parts_20m/year=2023/month=02/tile=MGRS-18NUJ/S2B_MSIL2A_20230210T153619_N0510_R068_T18NUJ_20240813T214510.parquet
SCL_FEATURE_OK 106 S2A_MSIL2A_20230225T153621_N0510_R068_T18NUJ_20240818T070745 -> /workspace/geovision-cali/outputs/sentinel2_scl_features_parts_20m/year=2023/month=02/tile=MGRS-18NUJ/S2A_MSIL2A_20230225T153621_N0510_R068_T18NUJ_20240818T070745.parquet
SCL_FEATURE_OK 107 S2B_MSIL2A_20230302T153619_N0510_R068_T18NUJ_20240818T033845 -> /workspace/geovision-cali/outputs/sentinel2_scl_features_parts_20m/year=2023/month=03/tile=MGRS-18NUJ/S2B_MSIL2A_20230302T153619_N0510_R068_T18NUJ_20240818T033845.parquet
SCL_FEATURE_OK 108 S2A_MSIL2A_20230317T153621_N0510_R068_T18NUJ_20240823T083936 -> /workspace/geovision-cali/outputs/sentinel2_scl_features_parts_20m/year=2023/month=03/tile=MGRS-18NUJ/S2A_MSIL2A_20230317T153621_N0510_R068_T18NUJ_20240823T083936.parquet
SCL_FEATURE_OK 109 S2B_MSIL2A_20230401T153619_N0510_R068_T18NUJ_20240828T071757 -> /workspace/geovision-cali/outputs/sentinel2_scl_features_parts_20m/year=2023/month=04/tile=MGRS-18NUJ/S2B_MSIL2A_20230401T153619_N0510_R068_T18NUJ_20240828T071757.parquet
SCL_FEATURE_OK 110 S2B_MSIL2A_20230501T153619_N0510_R068_T18NUK_20240908T081411 -> /workspace/geovision-cali/outputs/sentinel2_scl_features_parts_20m/year=2023/month=05/tile=MGRS-18NUK/S2B_MSIL2A_20230501T153619_N0510_R068_T18NUK_20240908T081411.parquet
SCL_FEATURE_OK 111 S2B_MSIL2A_20230501T153619_N0510_R068_T18NUJ_20240908T081411 -> /workspace/geovision-cali/outputs/sentinel2_scl_features_parts_20m/year=2023/month=05/tile=MGRS-18NUJ/S2B_MSIL2A_20230501T153619_N0510_R068_T18NUJ_20240908T081411.parquet
SCL_FEATURE_OK 112 S2B_MSIL2A_20230511T153619_N0510_R068_T18NUK_20240906T062843 -> /workspace/geovision-cali/outputs/sentinel2_scl_features_parts_20m/year=2023/month=05/tile=MGRS-18NUK/S2B_MSIL2A_20230511T153619_N0510_R068_T18NUK_20240906T062843.parquet
SCL_FEATURE_OK 113 S2B_MSIL2A_20230511T153619_N0510_R068_T18NUJ_20240906T062843 -> /workspace/geovision-cali/outputs/sentinel2_scl_features_parts_20m/year=2023/month=05/tile=MGRS-18NUJ/S2B_MSIL2A_20230511T153619_N0510_R068_T18NUJ_20240906T062843.parquet
SCL_FEATURE_OK 114 S2B_MSIL2A_20230518T152639_N0510_R025_T18NUJ_20240906T090343 -> /workspace/geovision-cali/outputs/sentinel2_scl_features_parts_20m/year=2023/month=05/tile=MGRS-18NUJ/S2B_MSIL2A_20230518T152639_N0510_R025_T18NUJ_20240906T090343.parquet
SCL_FEATURE_OK 115 S2B_MSIL2A_20230531T153619_N0510_R068_T18NUJ_20240908T004752 -> /workspace/geovision-cali/outputs/sentinel2_scl_features_parts_20m/year=2023/month=05/tile=MGRS-18NUJ/S2B_MSIL2A_20230531T153619_N0510_R068_T18NUJ_20240908T004752.parquet
SCL_FEATURE_OK 116 S2B_MSIL2A_20230610T153619_N0510_R068_T18NUK_20240912T091853 -> /workspace/geovision-cali/outputs/sentinel2_scl_features_parts_20m/year=2023/month=06/tile=MGRS-18NUK/S2B_MSIL2A_20230610T153619_N0510_R068_T18NUK_20240912T091853.parquet
SCL_FEATURE_OK 117 S2B_MSIL2A_20230610T153619_N0510_R068_T18NUJ_20240912T091853 -> /workspace/geovision-cali/outputs/sentinel2_scl_features_parts_20m/year=2023/month=06/tile=MGRS-18NUJ/S2B_MSIL2A_20230610T153619_N0510_R068_T18NUJ_20240912T091853.parquet
SCL_FEATURE_OK 118 S2B_MSIL2A_20230620T153619_N0510_R068_T18NUJ_20240910T093212 -> /workspace/geovision-cali/outputs/sentinel2_scl_features_parts_20m/year=2023/month=06/tile=MGRS-18NUJ/S2B_MSIL2A_20230620T153619_N0510_R068_T18NUJ_20240910T093212.parquet
SCL_FEATURE_OK 119 S2B_MSIL2A_20230710T153619_N0510_R068_T18NUJ_20241010T223120 -> /workspace/geovision-cali/outputs/sentinel2_scl_features_parts_20m/year=2023/month=07/tile=MGRS-18NUJ/S2B_MSIL2A_20230710T153619_N0510_R068_T18NUJ_20241010T223120.parquet
SCL_FEATURE_OK 120 S2A_MSIL2A_20230715T153621_N0510_R068_T18NUK_20241012T211413 -> /workspace/geovision-cali/outputs/sentinel2_scl_features_parts_20m/year=2023/month=07/tile=MGRS-18NUK/S2A_MSIL2A_20230715T153621_N0510_R068_T18NUK_20241012T211413.parquet
SCL_FEATURE_OK 121 S2A_MSIL2A_20230715T153621_N0510_R068_T18NUJ_20241012T211413 -> /workspace/geovision-cali/outputs/sentinel2_scl_features_parts_20m/year=2023/month=07/tile=MGRS-18NUJ/S2A_MSIL2A_20230715T153621_N0510_R068_T18NUJ_20241012T211413.parquet
SCL_FEATURE_OK 122 S2B_MSIL2A_20230720T153629_N0510_R068_T18NUK_20241013T101620 -> /workspace/geovision-cali/outputs/sentinel2_scl_features_parts_20m/year=2023/month=07/tile=MGRS-18NUK/S2B_MSIL2A_20230720T153629_N0510_R068_T18NUK_20241013T101620.parquet
SCL_FEATURE_OK 123 S2B_MSIL2A_20230720T153629_N0510_R068_T18NUJ_20241013T101620 -> /workspace/geovision-cali/outputs/sentinel2_scl_features_parts_20m/year=2023/month=07/tile=MGRS-18NUJ/S2B_MSIL2A_20230720T153629_N0510_R068_T18NUJ_20241013T101620.parquet
SCL_FEATURE_OK 124 S2A_MSIL2A_20230804T153621_N0510_R068_T18NUK_20241026T133911 -> /workspace/geovision-cali/outputs/sentinel2_scl_features_parts_20m/year=2023/month=08/tile=MGRS-18NUK/S2A_MSIL2A_20230804T153621_N0510_R068_T18NUK_20241026T133911.parquet
SCL_FEATURE_OK 125 S2A_MSIL2A_20230804T153621_N0510_R068_T18NUJ_20241026T133911 -> /workspace/geovision-cali/outputs/sentinel2_scl_features_parts_20m/year=2023/month=08/tile=MGRS-18NUJ/S2A_MSIL2A_20230804T153621_N0510_R068_T18NUJ_20241026T133911.parquet
SCL_FEATURE_OK 126 S2A_MSIL2A_20230814T153621_N0510_R068_T18NUK_20241020T072802 -> /workspace/geovision-cali/outputs/sentinel2_scl_features_parts_20m/year=2023/month=08/tile=MGRS-18NUK/S2A_MSIL2A_20230814T153621_N0510_R068_T18NUK_20241020T072802.parquet
SCL_FEATURE_OK 127 S2B_MSIL2A_20230819T153629_N0510_R068_T18NUK_20241027T133936 -> /workspace/geovision-cali/outputs/sentinel2_scl_features_parts_20m/year=2023/month=08/tile=MGRS-18NUK/S2B_MSIL2A_20230819T153629_N0510_R068_T18NUK_20241027T133936.parquet
SCL_FEATURE_OK 128 S2B_MSIL2A_20230819T153629_N0510_R068_T18NUJ_20241027T133936 -> /workspace/geovision-cali/outputs/sentinel2_scl_features_parts_20m/year=2023/month=08/tile=MGRS-18NUJ/S2B_MSIL2A_20230819T153629_N0510_R068_T18NUJ_20241027T133936.parquet
SCL_FEATURE_OK 129 S2B_MSIL2A_20230829T153619_N0510_R068_T18NUK_20241019T035245 -> /workspace/geovision-cali/outputs/sentinel2_scl_features_parts_20m/year=2023/month=08/tile=MGRS-18NUK/S2B_MSIL2A_20230829T153619_N0510_R068_T18NUK_20241019T035245.parquet
SCL_FEATURE_OK 130 S2B_MSIL2A_20230829T153619_N0510_R068_T18NUJ_20241019T035245 -> /workspace/geovision-cali/outputs/sentinel2_scl_features_parts_20m/year=2023/month=08/tile=MGRS-18NUJ/S2B_MSIL2A_20230829T153619_N0510_R068_T18NUJ_20241019T035245.parquet
SCL_FEATURE_OK 131 S2B_MSIL2A_20230908T153619_N0510_R068_T18NUJ_20241104T110413 -> /workspace/geovision-cali/outputs/sentinel2_scl_features_parts_20m/year=2023/month=09/tile=MGRS-18NUJ/S2B_MSIL2A_20230908T153619_N0510_R068_T18NUJ_20241104T110413.parquet
SCL_FEATURE_OK 132 S2A_MSIL2A_20230913T153621_N0510_R068_T18NUK_20241025T055729 -> /workspace/geovision-cali/outputs/sentinel2_scl_features_parts_20m/year=2023/month=09/tile=MGRS-18NUK/S2A_MSIL2A_20230913T153621_N0510_R068_T18NUK_20241025T055729.parquet
SCL_FEATURE_OK 133 S2A_MSIL2A_20230913T153621_N0510_R068_T18NUJ_20241025T055729 -> /workspace/geovision-cali/outputs/sentinel2_scl_features_parts_20m/year=2023/month=09/tile=MGRS-18NUJ/S2A_MSIL2A_20230913T153621_N0510_R068_T18NUJ_20241025T055729.parquet
SCL_FEATURE_OK 134 S2A_MSIL2A_20230923T153621_N0510_R068_T18NUJ_20241105T100008 -> /workspace/geovision-cali/outputs/sentinel2_scl_features_parts_20m/year=2023/month=09/tile=MGRS-18NUJ/S2A_MSIL2A_20230923T153621_N0510_R068_T18NUJ_20241105T100008.parquet
SCL_FEATURE_OK 135 S2A_MSIL2A_20231013T153621_N0510_R068_T18NUJ_20241107T010950 -> /workspace/geovision-cali/outputs/sentinel2_scl_features_parts_20m/year=2023/month=10/tile=MGRS-18NUJ/S2A_MSIL2A_20231013T153621_N0510_R068_T18NUJ_20241107T010950.parquet
SCL_FEATURE_OK 136 S2B_MSIL2A_20231018T153619_N0510_R068_T18NUK_20240916T193932 -> /workspace/geovision-cali/outputs/sentinel2_scl_features_parts_20m/year=2023/month=10/tile=MGRS-18NUK/S2B_MSIL2A_20231018T153619_N0510_R068_T18NUK_20240916T193932.parquet
SCL_FEATURE_OK 137 S2A_MSIL2A_20231023T153631_N0510_R068_T18NUK_20240917T223603 -> /workspace/geovision-cali/outputs/sentinel2_scl_features_parts_20m/year=2023/month=10/tile=MGRS-18NUK/S2A_MSIL2A_20231023T153631_N0510_R068_T18NUK_20240917T223603.parquet
SCL_FEATURE_OK 138 S2A_MSIL2A_20231023T153631_N0510_R068_T18NUJ_20240917T223603 -> /workspace/geovision-cali/outputs/sentinel2_scl_features_parts_20m/year=2023/month=10/tile=MGRS-18NUJ/S2A_MSIL2A_20231023T153631_N0510_R068_T18NUJ_20240917T223603.parquet
SCL_FEATURE_OK 139 S2B_MSIL2A_20231127T153619_N0510_R068_T18NUK_20241026T034938 -> /workspace/geovision-cali/outputs/sentinel2_scl_features_parts_20m/year=2023/month=11/tile=MGRS-18NUK/S2B_MSIL2A_20231127T153619_N0510_R068_T18NUK_20241026T034938.parquet
SCL_FEATURE_OK 140 S2B_MSIL2A_20231127T153619_N0510_R068_T18NUJ_20241026T034938 -> /workspace/geovision-cali/outputs/sentinel2_scl_features_parts_20m/year=2023/month=11/tile=MGRS-18NUJ/S2B_MSIL2A_20231127T153619_N0510_R068_T18NUJ_20241026T034938.parquet
SCL_FEATURE_OK 141 S2B_MSIL2A_20231207T153619_N0510_R068_T18NUK_20241109T105913 -> /workspace/geovision-cali/outputs/sentinel2_scl_features_parts_20m/year=2023/month=12/tile=MGRS-18NUK/S2B_MSIL2A_20231207T153619_N0510_R068_T18NUK_20241109T105913.parquet
SCL_FEATURE_OK 142 S2A_MSIL2A_20231212T153621_N0510_R068_T18NUJ_20241109T145746 -> /workspace/geovision-cali/outputs/sentinel2_scl_features_parts_20m/year=2023/month=12/tile=MGRS-18NUJ/S2A_MSIL2A_20231212T153621_N0510_R068_T18NUJ_20241109T145746.parquet
SCL_FEATURE_OK 143 S2B_MSIL2A_20240106T153629_N0510_R068_T18NUK_20240106T193351 -> /workspace/geovision-cali/outputs/sentinel2_scl_features_parts_20m/year=2024/month=01/tile=MGRS-18NUK/S2B_MSIL2A_20240106T153629_N0510_R068_T18NUK_20240106T193351.parquet
SCL_FEATURE_OK 144 S2B_MSIL2A_20240106T153629_N0510_R068_T18NUJ_20240106T193351 -> /workspace/geovision-cali/outputs/sentinel2_scl_features_parts_20m/year=2024/month=01/tile=MGRS-18NUJ/S2B_MSIL2A_20240106T153629_N0510_R068_T18NUJ_20240106T193351.parquet
SCL_FEATURE_OK 145 S2A_MSIL2A_20240111T153621_N0510_R068_T18NUJ_20240111T204451 -> /workspace/geovision-cali/outputs/sentinel2_scl_features_parts_20m/year=2024/month=01/tile=MGRS-18NUJ/S2A_MSIL2A_20240111T153621_N0510_R068_T18NUJ_20240111T204451.parquet
SCL_FEATURE_OK 146 S2B_MSIL2A_20240116T153629_N0510_R068_T18NUK_20240116T192739 -> /workspace/geovision-cali/outputs/sentinel2_scl_features_parts_20m/year=2024/month=01/tile=MGRS-18NUK/S2B_MSIL2A_20240116T153629_N0510_R068_T18NUK_20240116T192739.parquet
SCL_FEATURE_OK 147 S2B_MSIL2A_20240116T153629_N0510_R068_T18NUJ_20240116T192739 -> /workspace/geovision-cali/outputs/sentinel2_scl_features_parts_20m/year=2024/month=01/tile=MGRS-18NUJ/S2B_MSIL2A_20240116T153629_N0510_R068_T18NUJ_20240116T192739.parquet
SCL_FEATURE_OK 148 S2B_MSIL2A_20240126T153629_N0510_R068_T18NUK_20240126T192933 -> /workspace/geovision-cali/outputs/sentinel2_scl_features_parts_20m/year=2024/month=01/tile=MGRS-18NUK/S2B_MSIL2A_20240126T153629_N0510_R068_T18NUK_20240126T192933.parquet
SCL_FEATURE_OK 149 S2B_MSIL2A_20240126T153629_N0510_R068_T18NUJ_20240126T192933 -> /workspace/geovision-cali/outputs/sentinel2_scl_features_parts_20m/year=2024/month=01/tile=MGRS-18NUJ/S2B_MSIL2A_20240126T153629_N0510_R068_T18NUJ_20240126T192933.parquet
SCL_FEATURE_OK 150 S2A_MSIL2A_20240131T153621_N0510_R068_T18NUJ_20240131T204352 -> /workspace/geovision-cali/outputs/sentinel2_scl_features_parts_20m/year=2024/month=01/tile=MGRS-18NUJ/S2A_MSIL2A_20240131T153621_N0510_R068_T18NUJ_20240131T204352.parquet
SCL_FEATURE_OK 151 S2B_MSIL2A_20240215T153629_N0510_R068_T18NUK_20240215T204204 -> /workspace/geovision-cali/outputs/sentinel2_scl_features_parts_20m/year=2024/month=02/tile=MGRS-18NUK/S2B_MSIL2A_20240215T153629_N0510_R068_T18NUK_20240215T204204.parquet
SCL_FEATURE_OK 152 S2B_MSIL2A_20240215T153629_N0510_R068_T18NUJ_20240215T204204 -> /workspace/geovision-cali/outputs/sentinel2_scl_features_parts_20m/year=2024/month=02/tile=MGRS-18NUJ/S2B_MSIL2A_20240215T153629_N0510_R068_T18NUJ_20240215T204204.parquet
SCL_FEATURE_OK 153 S2A_MSIL2A_20240220T153621_N0510_R068_T18NUJ_20240220T205851 -> /workspace/geovision-cali/outputs/sentinel2_scl_features_parts_20m/year=2024/month=02/tile=MGRS-18NUJ/S2A_MSIL2A_20240220T153621_N0510_R068_T18NUJ_20240220T205851.parquet
SCL_FEATURE_OK 154 S2B_MSIL2A_20240225T153629_N0510_R068_T18NUJ_20240225T210732 -> /workspace/geovision-cali/outputs/sentinel2_scl_features_parts_20m/year=2024/month=02/tile=MGRS-18NUJ/S2B_MSIL2A_20240225T153629_N0510_R068_T18NUJ_20240225T210732.parquet
SCL_FEATURE_OK 155 S2B_MSIL2A_20240316T153629_N0510_R068_T18NUK_20240316T204142 -> /workspace/geovision-cali/outputs/sentinel2_scl_features_parts_20m/year=2024/month=03/tile=MGRS-18NUK/S2B_MSIL2A_20240316T153629_N0510_R068_T18NUK_20240316T204142.parquet
SCL_FEATURE_OK 156 S2B_MSIL2A_20240316T153629_N0510_R068_T18NUJ_20240316T204142 -> /workspace/geovision-cali/outputs/sentinel2_scl_features_parts_20m/year=2024/month=03/tile=MGRS-18NUJ/S2B_MSIL2A_20240316T153629_N0510_R068_T18NUJ_20240316T204142.parquet
SCL_FEATURE_OK 157 S2B_MSIL2A_20240326T153629_N0510_R068_T18NUK_20240326T212126 -> /workspace/geovision-cali/outputs/sentinel2_scl_features_parts_20m/year=2024/month=03/tile=MGRS-18NUK/S2B_MSIL2A_20240326T153629_N0510_R068_T18NUK_20240326T212126.parquet
SCL_FEATURE_OK 158 S2B_MSIL2A_20240405T153629_N0510_R068_T18NUK_20240405T214503 -> /workspace/geovision-cali/outputs/sentinel2_scl_features_parts_20m/year=2024/month=04/tile=MGRS-18NUK/S2B_MSIL2A_20240405T153629_N0510_R068_T18NUK_20240405T214503.parquet
SCL_FEATURE_OK 159 S2A_MSIL2A_20240410T153631_N0510_R068_T18NUK_20240410T222654 -> /workspace/geovision-cali/outputs/sentinel2_scl_features_parts_20m/year=2024/month=04/tile=MGRS-18NUK/S2A_MSIL2A_20240410T153631_N0510_R068_T18NUK_20240410T222654.parquet
SCL_FEATURE_OK 160 S2A_MSIL2A_20240410T153631_N0510_R068_T18NUJ_20240410T222654 -> /workspace/geovision-cali/outputs/sentinel2_scl_features_parts_20m/year=2024/month=04/tile=MGRS-18NUJ/S2A_MSIL2A_20240410T153631_N0510_R068_T18NUJ_20240410T222654.parquet
SCL_FEATURE_OK 161 S2A_MSIL2A_20240420T153631_N0510_R068_T18NUK_20240420T221250 -> /workspace/geovision-cali/outputs/sentinel2_scl_features_parts_20m/year=2024/month=04/tile=MGRS-18NUK/S2A_MSIL2A_20240420T153631_N0510_R068_T18NUK_20240420T221250.parquet
SCL_FEATURE_OK 162 S2A_MSIL2A_20240430T153631_N0510_R068_T18NUJ_20240430T204052 -> /workspace/geovision-cali/outputs/sentinel2_scl_features_parts_20m/year=2024/month=04/tile=MGRS-18NUJ/S2A_MSIL2A_20240430T153631_N0510_R068_T18NUJ_20240430T204052.parquet
SCL_FEATURE_OK 163 S2A_MSIL2A_20240530T153631_N0510_R068_T18NUK_20240530T233411 -> /workspace/geovision-cali/outputs/sentinel2_scl_features_parts_20m/year=2024/month=05/tile=MGRS-18NUK/S2A_MSIL2A_20240530T153631_N0510_R068_T18NUK_20240530T233411.parquet
SCL_FEATURE_OK 164 S2A_MSIL2A_20240530T153631_N0510_R068_T18NUJ_20240530T233411 -> /workspace/geovision-cali/outputs/sentinel2_scl_features_parts_20m/year=2024/month=05/tile=MGRS-18NUJ/S2A_MSIL2A_20240530T153631_N0510_R068_T18NUJ_20240530T233411.parquet
SCL_FEATURE_OK 165 S2A_MSIL2A_20240609T153631_N0510_R068_T18NUJ_20240609T224144 -> /workspace/geovision-cali/outputs/sentinel2_scl_features_parts_20m/year=2024/month=06/tile=MGRS-18NUJ/S2A_MSIL2A_20240609T153631_N0510_R068_T18NUJ_20240609T224144.parquet
SCL_FEATURE_OK 166 S2B_MSIL2A_20240624T153629_N0510_R068_T18NUK_20240624T210611 -> /workspace/geovision-cali/outputs/sentinel2_scl_features_parts_20m/year=2024/month=06/tile=MGRS-18NUK/S2B_MSIL2A_20240624T153629_N0510_R068_T18NUK_20240624T210611.parquet
SCL_FEATURE_OK 167 S2A_MSIL2A_20240629T153631_N0510_R068_T18NUK_20240629T223352 -> /workspace/geovision-cali/outputs/sentinel2_scl_features_parts_20m/year=2024/month=06/tile=MGRS-18NUK/S2A_MSIL2A_20240629T153631_N0510_R068_T18NUK_20240629T223352.parquet
SCL_FEATURE_OK 168 S2A_MSIL2A_20240629T153631_N0510_R068_T18NUJ_20240629T223352 -> /workspace/geovision-cali/outputs/sentinel2_scl_features_parts_20m/year=2024/month=06/tile=MGRS-18NUJ/S2A_MSIL2A_20240629T153631_N0510_R068_T18NUJ_20240629T223352.parquet
SCL_FEATURE_OK 169 S2A_MSIL2A_20240729T153631_N0511_R068_T18NUK_20240730T000450 -> /workspace/geovision-cali/outputs/sentinel2_scl_features_parts_20m/year=2024/month=07/tile=MGRS-18NUK/S2A_MSIL2A_20240729T153631_N0511_R068_T18NUK_20240730T000450.parquet
SCL_FEATURE_OK 170 S2A_MSIL2A_20240729T153631_N0511_R068_T18NUJ_20240730T000450 -> /workspace/geovision-cali/outputs/sentinel2_scl_features_parts_20m/year=2024/month=07/tile=MGRS-18NUJ/S2A_MSIL2A_20240729T153631_N0511_R068_T18NUJ_20240730T000450.parquet
SCL_FEATURE_OK 171 S2A_MSIL2A_20240808T153631_N0511_R068_T18NUK_20240809T000205 -> /workspace/geovision-cali/outputs/sentinel2_scl_features_parts_20m/year=2024/month=08/tile=MGRS-18NUK/S2A_MSIL2A_20240808T153631_N0511_R068_T18NUK_20240809T000205.parquet
SCL_FEATURE_OK 172 S2A_MSIL2A_20240808T153631_N0511_R068_T18NUJ_20240809T000205 -> /workspace/geovision-cali/outputs/sentinel2_scl_features_parts_20m/year=2024/month=08/tile=MGRS-18NUJ/S2A_MSIL2A_20240808T153631_N0511_R068_T18NUJ_20240809T000205.parquet
SCL_FEATURE_OK 173 S2B_MSIL2A_20240813T153629_N0511_R068_T18NUK_20240813T210539 -> /workspace/geovision-cali/outputs/sentinel2_scl_features_parts_20m/year=2024/month=08/tile=MGRS-18NUK/S2B_MSIL2A_20240813T153629_N0511_R068_T18NUK_20240813T210539.parquet
SCL_FEATURE_OK 174 S2B_MSIL2A_20240813T153629_N0511_R068_T18NUJ_20240813T210539 -> /workspace/geovision-cali/outputs/sentinel2_scl_features_parts_20m/year=2024/month=08/tile=MGRS-18NUJ/S2B_MSIL2A_20240813T153629_N0511_R068_T18NUJ_20240813T210539.parquet
SCL_FEATURE_OK 175 S2A_MSIL2A_20240818T153631_N0511_R068_T18NUK_20240818T222744 -> /workspace/geovision-cali/outputs/sentinel2_scl_features_parts_20m/year=2024/month=08/tile=MGRS-18NUK/S2A_MSIL2A_20240818T153631_N0511_R068_T18NUK_20240818T222744.parquet
SCL_FEATURE_OK 176 S2A_MSIL2A_20240818T153631_N0511_R068_T18NUJ_20240818T222744 -> /workspace/geovision-cali/outputs/sentinel2_scl_features_parts_20m/year=2024/month=08/tile=MGRS-18NUJ/S2A_MSIL2A_20240818T153631_N0511_R068_T18NUJ_20240818T222744.parquet
SCL_FEATURE_OK 177 S2B_MSIL2A_20240823T153629_N0511_R068_T18NUK_20240823T221138 -> /workspace/geovision-cali/outputs/sentinel2_scl_features_parts_20m/year=2024/month=08/tile=MGRS-18NUK/S2B_MSIL2A_20240823T153629_N0511_R068_T18NUK_20240823T221138.parquet
SCL_FEATURE_OK 178 S2B_MSIL2A_20240823T153629_N0511_R068_T18NUJ_20240823T221138 -> /workspace/geovision-cali/outputs/sentinel2_scl_features_parts_20m/year=2024/month=08/tile=MGRS-18NUJ/S2B_MSIL2A_20240823T153629_N0511_R068_T18NUJ_20240823T221138.parquet
SCL_FEATURE_OK 179 S2A_MSIL2A_20240828T153621_N0511_R068_T18NUK_20240828T220158 -> /workspace/geovision-cali/outputs/sentinel2_scl_features_parts_20m/year=2024/month=08/tile=MGRS-18NUK/S2A_MSIL2A_20240828T153621_N0511_R068_T18NUK_20240828T220158.parquet
SCL_FEATURE_OK 180 S2A_MSIL2A_20240828T153621_N0511_R068_T18NUJ_20240828T220158 -> /workspace/geovision-cali/outputs/sentinel2_scl_features_parts_20m/year=2024/month=08/tile=MGRS-18NUJ/S2A_MSIL2A_20240828T153621_N0511_R068_T18NUJ_20240828T220158.parquet
SCL_FEATURE_OK 181 S2B_MSIL2A_20240902T153629_N0511_R068_T18NUK_20240902T204032 -> /workspace/geovision-cali/outputs/sentinel2_scl_features_parts_20m/year=2024/month=09/tile=MGRS-18NUK/S2B_MSIL2A_20240902T153629_N0511_R068_T18NUK_20240902T204032.parquet
SCL_FEATURE_OK 182 S2B_MSIL2A_20240902T153629_N0511_R068_T18NUJ_20240902T204032 -> /workspace/geovision-cali/outputs/sentinel2_scl_features_parts_20m/year=2024/month=09/tile=MGRS-18NUJ/S2B_MSIL2A_20240902T153629_N0511_R068_T18NUJ_20240902T204032.parquet
SCL_FEATURE_OK 183 S2B_MSIL2A_20240912T153629_N0511_R068_T18NUJ_20240912T212704 -> /workspace/geovision-cali/outputs/sentinel2_scl_features_parts_20m/year=2024/month=09/tile=MGRS-18NUJ/S2B_MSIL2A_20240912T153629_N0511_R068_T18NUJ_20240912T212704.parquet
SCL_FEATURE_OK 184 S2A_MSIL2A_20240917T153631_N0511_R068_T18NUK_20240917T233800 -> /workspace/geovision-cali/outputs/sentinel2_scl_features_parts_20m/year=2024/month=09/tile=MGRS-18NUK/S2A_MSIL2A_20240917T153631_N0511_R068_T18NUK_20240917T233800.parquet
SCL_FEATURE_OK 185 S2A_MSIL2A_20240917T153631_N0511_R068_T18NUJ_20240917T233800 -> /workspace/geovision-cali/outputs/sentinel2_scl_features_parts_20m/year=2024/month=09/tile=MGRS-18NUJ/S2A_MSIL2A_20240917T153631_N0511_R068_T18NUJ_20240917T233800.parquet
SCL_FEATURE_OK 186 S2B_MSIL2A_20241002T153629_N0511_R068_T18NUK_20241002T212040 -> /workspace/geovision-cali/outputs/sentinel2_scl_features_parts_20m/year=2024/month=10/tile=MGRS-18NUK/S2B_MSIL2A_20241002T153629_N0511_R068_T18NUK_20241002T212040.parquet
SCL_FEATURE_OK 187 S2B_MSIL2A_20241002T153629_N0511_R068_T18NUJ_20241002T212040 -> /workspace/geovision-cali/outputs/sentinel2_scl_features_parts_20m/year=2024/month=10/tile=MGRS-18NUJ/S2B_MSIL2A_20241002T153629_N0511_R068_T18NUJ_20241002T212040.parquet
SCL_FEATURE_OK 188 S2B_MSIL2A_20241012T153629_N0511_R068_T18NUK_20241012T211329 -> /workspace/geovision-cali/outputs/sentinel2_scl_features_parts_20m/year=2024/month=10/tile=MGRS-18NUK/S2B_MSIL2A_20241012T153629_N0511_R068_T18NUK_20241012T211329.parquet
SCL_FEATURE_OK 189 S2B_MSIL2A_20241012T153629_N0511_R068_T18NUJ_20241012T211329 -> /workspace/geovision-cali/outputs/sentinel2_scl_features_parts_20m/year=2024/month=10/tile=MGRS-18NUJ/S2B_MSIL2A_20241012T153629_N0511_R068_T18NUJ_20241012T211329.parquet
SCL_FEATURE_OK 190 S2A_MSIL2A_20241017T153631_N0511_R068_T18NUK_20241017T205049 -> /workspace/geovision-cali/outputs/sentinel2_scl_features_parts_20m/year=2024/month=10/tile=MGRS-18NUK/S2A_MSIL2A_20241017T153631_N0511_R068_T18NUK_20241017T205049.parquet
SCL_FEATURE_OK 191 S2A_MSIL2A_20241017T153631_N0511_R068_T18NUJ_20241017T205049 -> /workspace/geovision-cali/outputs/sentinel2_scl_features_parts_20m/year=2024/month=10/tile=MGRS-18NUJ/S2A_MSIL2A_20241017T153631_N0511_R068_T18NUJ_20241017T205049.parquet
SCL_FEATURE_OK 192 S2A_MSIL2A_20241106T153621_N0511_R068_T18NUK_20241106T204953 -> /workspace/geovision-cali/outputs/sentinel2_scl_features_parts_20m/year=2024/month=11/tile=MGRS-18NUK/S2A_MSIL2A_20241106T153621_N0511_R068_T18NUK_20241106T204953.parquet
SCL_FEATURE_OK 193 S2A_MSIL2A_20241106T153621_N0511_R068_T18NUJ_20241106T204953 -> /workspace/geovision-cali/outputs/sentinel2_scl_features_parts_20m/year=2024/month=11/tile=MGRS-18NUJ/S2A_MSIL2A_20241106T153621_N0511_R068_T18NUJ_20241106T204953.parquet
SCL_FEATURE_OK 194 S2B_MSIL2A_20241201T153629_N0511_R068_T18NUJ_20241201T192230 -> /workspace/geovision-cali/outputs/sentinel2_scl_features_parts_20m/year=2024/month=12/tile=MGRS-18NUJ/S2B_MSIL2A_20241201T153629_N0511_R068_T18NUJ_20241201T192230.parquet
SCL_FEATURE_OK 195 S2B_MSIL2A_20241211T153629_N0511_R068_T18NUK_20241211T221637 -> /workspace/geovision-cali/outputs/sentinel2_scl_features_parts_20m/year=2024/month=12/tile=MGRS-18NUK/S2B_MSIL2A_20241211T153629_N0511_R068_T18NUK_20241211T221637.parquet
SCL_FEATURE_OK 196 S2B_MSIL2A_20241211T153629_N0511_R068_T18NUJ_20241211T221637 -> /workspace/geovision-cali/outputs/sentinel2_scl_features_parts_20m/year=2024/month=12/tile=MGRS-18NUJ/S2B_MSIL2A_20241211T153629_N0511_R068_T18NUJ_20241211T221637.parquet
SCL_FEATURE_OK 197 S2A_MSIL2A_20241216T153631_N0511_R068_T18NUJ_20241216T204252 -> /workspace/geovision-cali/outputs/sentinel2_scl_features_parts_20m/year=2024/month=12/tile=MGRS-18NUJ/S2A_MSIL2A_20241216T153631_N0511_R068_T18NUJ_20241216T204252.parquet
SCL_FEATURE_OK 198 S2C_MSIL2A_20241216T153651_N0511_R068_T18NUJ_20260421T103338 -> /workspace/geovision-cali/outputs/sentinel2_scl_features_parts_20m/year=2024/month=12/tile=MGRS-18NUJ/S2C_MSIL2A_20241216T153651_N0511_R068_T18NUJ_20260421T103338.parquet
START_SCL_FEATURES {'scl_records': 198, 'already_done': 198}
