Note: Environment variable`HF_TOKEN` is set and is the current active token independently from the token you've just configured.
Hugging Face autenticado.
{'bbox': [-76.6, 3.3, -76.4, 3.55], 'start': '2020-01-01', 'end': '2024-12-31', 'cloud_pct_max': 60, 'bands': {'B01': 60, 'B02': 10, 'B03': 10, 'B04': 10, 'B05': 20, 'B06': 20, 'B07': 20, 'B08': 10, 'B8A': 20, 'B09': 60, 'B11': 20, 'B12': 20}, 'upload_to_hf': True, 'max_download_workers': 2}
Copernicus autenticado.
START_RAW_DOWNLOAD {'target_gb': 250.0, 'already_ok': 18, 'current_gb': 8.822079396}
MONTH 2020-01 items=8 current_gb=8.822
MONTH 2020-02 items=7 current_gb=8.822
MONTH 2020-03 items=3 current_gb=8.822
MONTH 2020-04 items=1 current_gb=8.822
SCENE ok S2B_MSIL2A_20200426T153619_N0500_R068_T18NUJ_20230407T094309 band_count= 12 scene_mb= 433.48 total_gb= 9.256
MONTH 2020-05 items=1 current_gb=9.256
SCENE ok S2A_MSIL2A_20200521T153631_N0500_R068_T18NUJ_20230413T072616 band_count= 12 scene_mb= 410.57 total_gb= 9.666
MONTH 2020-06 items=2 current_gb=9.666
SCENE ok S2B_MSIL2A_20200615T153619_N0500_R068_T18NUK_20230402T190351 band_count= 12 scene_mb= 567.94 total_gb= 10.234
SCENE ok S2B_MSIL2A_20200615T153619_N0500_R068_T18NUJ_20230402T190351 band_count= 12 scene_mb= 413.12 total_gb= 10.647
MONTH 2020-07 items=3 current_gb=10.647
SCENE ok S2B_MSIL2A_20200715T153619_N0500_R068_T18NUK_20230322T200429 band_count= 12 scene_mb= 574.61 total_gb= 11.222
SCENE ok S2B_MSIL2A_20200715T153619_N0500_R068_T18NUJ_20230322T200429 band_count= 12 scene_mb= 424.35 total_gb= 11.646
SCENE ok S2A_MSIL2A_20200730T153631_N0500_R068_T18NUJ_20230326T214127 band_count= 12 scene_mb= 383.91 total_gb= 12.03
MONTH 2020-08 items=2 current_gb=12.030
SCENE ok S2A_MSIL2A_20200809T153631_N0500_R068_T18NUJ_20230317T002445 band_count= 12 scene_mb= 417.52 total_gb= 12.448
SCENE ok S2B_MSIL2A_20200824T153619_N0500_R068_T18NUJ_20230318T182537 band_count= 12 scene_mb= 428.32 total_gb= 12.876
MONTH 2020-09 items=5 current_gb=12.876
SCENE ok S2B_MSIL2A_20200903T153619_N0500_R068_T18NUK_20230310T082919 band_count= 12 scene_mb= 554.63 total_gb= 13.431
SCENE ok S2B_MSIL2A_20200903T153619_N0500_R068_T18NUJ_20230310T082919 band_count= 12 scene_mb= 412.6 total_gb= 13.843
SCENE ok S2B_MSIL2A_20200913T153619_N0500_R068_T18NUJ_20230420T092656 band_count= 12 scene_mb= 417.68 total_gb= 14.261
SCENE ok S2A_MSIL2A_20200928T153621_N0500_R068_T18NUK_20230420T030915 band_count= 12 scene_mb= 571.8 total_gb= 14.833
SCENE ok S2A_MSIL2A_20200928T153621_N0500_R068_T18NUJ_20230420T030915 band_count= 12 scene_mb= 413.27 total_gb= 15.246
MONTH 2020-10 items=3 current_gb=15.246
SCENE ok S2A_MSIL2A_20201008T153631_N0500_R068_T18NUJ_20230411T110503 band_count= 12 scene_mb= 402.37 total_gb= 15.648
SCENE ok S2A_MSIL2A_20201018T153621_N0500_R068_T18NUJ_20230310T235603 band_count= 12 scene_mb= 414.55 total_gb= 16.063
SCENE ok S2B_MSIL2A_20201023T153619_N0500_R068_T18NUJ_20230306T092742 band_count= 12 scene_mb= 410.27 total_gb= 16.473
MONTH 2020-11 items=1 current_gb=16.473
SCENE ok S2A_MSIL2A_20201107T153621_N0500_R068_T18NUJ_20230302T180658 band_count= 12 scene_mb= 393.7 total_gb= 16.867
MONTH 2020-12 items=0 current_gb=16.867
MONTH 2021-01 items=4 current_gb=16.867
SCENE ok S2A_MSIL2A_20210116T153621_N0500_R068_T18NUK_20230610T012640 band_count= 12 scene_mb= 565.49 total_gb= 17.432
SCENE ok S2A_MSIL2A_20210116T153621_N0500_R068_T18NUJ_20230610T012640 band_count= 12 scene_mb= 421.82 total_gb= 17.854
SCENE ok S2B_MSIL2A_20210131T153619_N0500_R068_T18NUK_20230607T131410 band_count= 12 scene_mb= 578.06 total_gb= 18.432
SCENE ok S2B_MSIL2A_20210131T153619_N0500_R068_T18NUJ_20230607T131410 band_count= 12 scene_mb= 409.86 total_gb= 18.842
MONTH 2021-02 items=1 current_gb=18.842
SCENE ok S2B_MSIL2A_20210220T153619_N0500_R068_T18NUJ_20230607T124857 band_count= 12 scene_mb= 426.61 total_gb= 19.269
MONTH 2021-03 items=0 current_gb=19.269
MONTH 2021-04 items=0 current_gb=19.269
MONTH 2021-05 items=3 current_gb=19.269
SCENE ok S2B_MSIL2A_20210501T153619_N0500_R068_T18NUK_20230204T031759 band_count= 12 scene_mb= 563.28 total_gb= 19.832
SCENE ok S2B_MSIL2A_20210501T153619_N0500_R068_T18NUJ_20230204T031759 band_count= 12 scene_mb= 395.43 total_gb= 20.227
SCENE ok S2B_MSIL2A_20210521T153619_N0500_R068_T18NUJ_20230207T135940 band_count= 12 scene_mb= 416.47 total_gb= 20.644
MONTH 2021-06 items=1 current_gb=20.644
SCENE ok S2A_MSIL2A_20210615T153621_N0500_R068_T18NUK_20230317T044136 band_count= 12 scene_mb= 554.35 total_gb= 21.198
MONTH 2021-07 items=8 current_gb=21.198
SCENE ok S2A_MSIL2A_20210705T153621_N0500_R068_T18NUK_20230124T084901 band_count= 12 scene_mb= 560.49 total_gb= 21.759
SCENE ok S2A_MSIL2A_20210705T153621_N0500_R068_T18NUJ_20230124T084901 band_count= 12 scene_mb= 289.29 total_gb= 22.048
SCENE ok S2A_MSIL2A_20210715T153621_N0500_R068_T18NUJ_20230227T215725 band_count= 12 scene_mb= 419.08 total_gb= 22.467
SCENE ok S2B_MSIL2A_20210720T153619_N0500_R068_T18NUK_20230129T132543 band_count= 12 scene_mb= 107.31 total_gb= 22.574
SCENE ok S2B_MSIL2A_20210720T153619_N0500_R068_T18NUK_20230125T024040 band_count= 12 scene_mb= 548.56 total_gb= 23.123
SCENE ok S2B_MSIL2A_20210720T153619_N0500_R068_T18NUJ_20230129T132543 band_count= 12 scene_mb= 406.72 total_gb= 23.53
SCENE ok S2B_MSIL2A_20210720T153619_N0500_R068_T18NUJ_20230125T024040 band_count= 12 scene_mb= 27.24 total_gb= 23.557
SCENE ok S2B_MSIL2A_20210730T153619_N0500_R068_T18NUK_20230203T123223 band_count= 12 scene_mb= 535.88 total_gb= 24.093
MONTH 2021-08 items=2 current_gb=24.093
SCENE ok S2A_MSIL2A_20210804T153621_N0500_R068_T18NUK_20230115T131835 band_count= 12 scene_mb= 543.25 total_gb= 24.636
SCENE ok S2A_MSIL2A_20210804T153621_N0500_R068_T18NUJ_20230115T131835 band_count= 12 scene_mb= 379.01 total_gb= 25.015
MONTH 2021-09 items=5 current_gb=25.015
SCENE ok S2A_MSIL2A_20210903T153621_N0500_R068_T18NUK_20230110T115157 band_count= 12 scene_mb= 580.0 total_gb= 25.595
SCENE ok S2A_MSIL2A_20210903T153621_N0500_R068_T18NUJ_20230110T115157 band_count= 12 scene_mb= 428.32 total_gb= 26.023
SCENE ok S2A_MSIL2A_20210913T153621_N0500_R068_T18NUK_20230114T050842 band_count= 12 scene_mb= 578.62 total_gb= 26.602
SCENE ok S2A_MSIL2A_20210913T153621_N0500_R068_T18NUJ_20230114T050842 band_count= 12 scene_mb= 425.63 total_gb= 27.028
SCENE ok S2B_MSIL2A_20210918T153619_N0500_R068_T18NUJ_20230113T125055 band_count= 12 scene_mb= 386.85 total_gb= 27.414
MONTH 2021-10 items=6 current_gb=27.414
SCENE ok S2A_MSIL2A_20211003T153621_N0500_R068_T18NUJ_20230112T102129 band_count= 12 scene_mb= 420.1 total_gb= 27.834
SCENE ok S2B_MSIL2A_20211008T153619_N0500_R068_T18NUJ_20230108T090330 band_count= 12 scene_mb= 414.78 total_gb= 28.249
SCENE ok S2A_MSIL2A_20211013T153621_N0500_R068_T18NUK_20230112T234425 band_count= 12 scene_mb= 557.82 total_gb= 28.807
SCENE ok S2A_MSIL2A_20211013T153621_N0500_R068_T18NUJ_20230112T234425 band_count= 12 scene_mb= 416.62 total_gb= 29.224
SCENE ok S2B_MSIL2A_20211018T153619_N0500_R068_T18NUJ_20230115T202314 band_count= 12 scene_mb= 415.69 total_gb= 29.639
SCENE ok S2B_MSIL2A_20211028T153619_N0500_R068_T18NUJ_20230114T010855 band_count= 12 scene_mb= 406.35 total_gb= 30.046
MONTH 2021-11 items=5 current_gb=30.046
SCENE ok S2A_MSIL2A_20211102T153621_N0500_R068_T18NUK_20221229T025954 band_count= 12 scene_mb= 570.23 total_gb= 30.616
SCENE ok S2A_MSIL2A_20211102T153621_N0500_R068_T18NUJ_20221229T025954 band_count= 12 scene_mb= 429.14 total_gb= 31.045
SCENE ok S2B_MSIL2A_20211107T153619_N0500_R068_T18NUJ_20230101T134442 band_count= 12 scene_mb= 418.41 total_gb= 31.464
SCENE ok S2B_MSIL2A_20211127T153619_N0500_R068_T18NUK_20230102T092237 band_count= 12 scene_mb= 579.25 total_gb= 32.043
SCENE ok S2B_MSIL2A_20211127T153619_N0500_R068_T18NUJ_20230102T092237 band_count= 12 scene_mb= 425.21 total_gb= 32.468
MONTH 2021-12 items=2 current_gb=32.468
SCENE ok S2A_MSIL2A_20211202T153621_N0500_R068_T18NUK_20221225T053255 band_count= 12 scene_mb= 582.55 total_gb= 33.051
SCENE ok S2A_MSIL2A_20211202T153621_N0500_R068_T18NUJ_20221225T053255 band_count= 12 scene_mb= 429.69 total_gb= 33.48
MONTH 2022-01 items=1 current_gb=33.480
SCENE ok S2B_MSIL2A_20220116T153619_N0510_R068_T18NUJ_20240501T001454 band_count= 12 scene_mb= 425.14 total_gb= 33.905
MONTH 2022-02 items=1 current_gb=33.905
SCENE ok S2A_MSIL2A_20220220T153621_N0510_R068_T18NUK_20240516T195649 band_count= 12 scene_mb= 571.46 total_gb= 34.477
MONTH 2022-03 items=0 current_gb=34.477
MONTH 2022-04 items=4 current_gb=34.477
SCENE ok S2B_MSIL2A_20220406T153619_N0510_R068_T18NUK_20240602T092003 band_count= 12 scene_mb= 380.87 total_gb= 34.858
SCENE ok S2B_MSIL2A_20220406T153619_N0510_R068_T18NUJ_20240602T092003 band_count= 12 scene_mb= 416.42 total_gb= 35.274
SCENE ok S2A_MSIL2A_20220421T153621_N0510_R068_T18NUJ_20240605T075002 band_count= 12 scene_mb= 415.22 total_gb= 35.689
SCENE ok S2B_MSIL2A_20220426T153609_N0510_R068_T18NUJ_20240610T175638 band_count= 12 scene_mb= 431.04 total_gb= 36.12
MONTH 2022-05 items=1 current_gb=36.120
SCENE ok S2A_MSIL2A_20220511T153621_N0510_R068_T18NUJ_20241127T221012 band_count= 12 scene_mb= 433.99 total_gb= 36.554
MONTH 2022-06 items=2 current_gb=36.554
SCENE ok S2B_MSIL2A_20220605T153619_N0510_R068_T18NUJ_20240619T174118 band_count= 12 scene_mb= 409.31 total_gb= 36.964
SCENE ok S2B_MSIL2A_20220615T153619_N0510_R068_T18NUJ_20240620T134414 band_count= 12 scene_mb= 414.83 total_gb= 37.379
MONTH 2022-07 items=2 current_gb=37.379
SCENE ok S2A_MSIL2A_20220707T152651_N0510_R025_T18NUJ_20240626T073228 band_count= 12 scene_mb= 470.65 total_gb= 37.849
SCENE ok S2A_MSIL2A_20220730T153631_N0510_R068_T18NUJ_20240712T000005 band_count= 12 scene_mb= 413.35 total_gb= 38.263
MONTH 2022-08 items=3 current_gb=38.263
SCENE ok S2B_MSIL2A_20220824T153619_N0510_R068_T18NUK_20240722T110119 band_count= 12 scene_mb= 581.99 total_gb= 38.845
SCENE ok S2B_MSIL2A_20220824T153619_N0510_R068_T18NUJ_20240722T110119 band_count= 12 scene_mb= 419.66 total_gb= 39.264
SCENE ok S2A_MSIL2A_20220829T153631_N0510_R068_T18NUK_20240718T221245 band_count= 12 scene_mb= 539.54 total_gb= 39.804
MONTH 2022-09 items=7 current_gb=39.804
SCENE ok S2B_MSIL2A_20220903T153619_N0510_R068_T18NUK_20240629T090012 band_count= 12 scene_mb= 558.53 total_gb= 40.362
SCENE ok S2A_MSIL2A_20220908T153631_N0510_R068_T18NUK_20240728T164946 band_count= 12 scene_mb= 568.76 total_gb= 40.931
SCENE ok S2A_MSIL2A_20220908T153631_N0510_R068_T18NUJ_20240728T164946 band_count= 12 scene_mb= 411.65 total_gb= 41.343
SCENE ok S2B_MSIL2A_20220913T153619_N0510_R068_T18NUK_20240731T161858 band_count= 12 scene_mb= 535.44 total_gb= 41.878
SCENE ok S2B_MSIL2A_20220913T153619_N0510_R068_T18NUJ_20240731T161858 band_count= 12 scene_mb= 394.17 total_gb= 42.272
SCENE ok S2B_MSIL2A_20220923T153619_N0510_R068_T18NUK_20240730T185836 band_count= 12 scene_mb= 565.41 total_gb= 42.838
SCENE ok S2B_MSIL2A_20220923T153619_N0510_R068_T18NUJ_20240730T185836 band_count= 12 scene_mb= 409.38 total_gb= 43.247
MONTH 2022-10 items=2 current_gb=43.247
SCENE ok S2B_MSIL2A_20221003T153619_N0510_R068_T18NUK_20240731T195704 band_count= 12 scene_mb= 569.78 total_gb= 43.817
SCENE ok S2B_MSIL2A_20221003T153619_N0510_R068_T18NUJ_20240731T195704 band_count= 12 scene_mb= 415.13 total_gb= 44.232
MONTH 2022-11 items=0 current_gb=44.232
MONTH 2022-12 items=1 current_gb=44.232
SCENE ok S2B_MSIL2A_20221222T153619_N0510_R068_T18NUJ_20240807T044726 band_count= 12 scene_mb= 423.52 total_gb= 44.655
MONTH 2023-01 items=4 current_gb=44.655
SCENE ok S2A_MSIL2A_20230106T153621_N0510_R068_T18NUJ_20240808T083901 band_count= 12 scene_mb= 431.18 total_gb= 45.087
SCENE ok S2A_MSIL2A_20230116T153621_N0510_R068_T18NUJ_20240811T115319 band_count= 12 scene_mb= 424.33 total_gb= 45.511
SCENE ok S2A_MSIL2A_20230126T153621_N0510_R068_T18NUK_20240812T132717 band_count= 12 scene_mb= 581.67 total_gb= 46.093
SCENE ok S2A_MSIL2A_20230126T153621_N0510_R068_T18NUJ_20240812T132717 band_count= 12 scene_mb= 429.56 total_gb= 46.522
MONTH 2023-02 items=5 current_gb=46.522
SCENE ok S2A_MSIL2A_20230205T153621_N0510_R068_T18NUK_20240815T042649 band_count= 12 scene_mb= 575.76 total_gb= 47.098
SCENE ok S2A_MSIL2A_20230205T153621_N0510_R068_T18NUJ_20240815T042649 band_count= 12 scene_mb= 417.06 total_gb= 47.515
SCENE ok S2B_MSIL2A_20230210T153619_N0510_R068_T18NUK_20240813T214510 band_count= 12 scene_mb= 586.03 total_gb= 48.101
SCENE ok S2B_MSIL2A_20230210T153619_N0510_R068_T18NUJ_20240813T214510 band_count= 12 scene_mb= 431.48 total_gb= 48.533
SCENE ok S2A_MSIL2A_20230225T153621_N0510_R068_T18NUJ_20240818T070745 band_count= 12 scene_mb= 427.92 total_gb= 48.96
MONTH 2023-03 items=2 current_gb=48.960
SCENE ok S2B_MSIL2A_20230302T153619_N0510_R068_T18NUJ_20240818T033845 band_count= 12 scene_mb= 428.86 total_gb= 49.389
SCENE ok S2A_MSIL2A_20230317T153621_N0510_R068_T18NUJ_20240823T083936 band_count= 12 scene_mb= 425.46 total_gb= 49.815
MONTH 2023-04 items=1 current_gb=49.815
SCENE ok S2B_MSIL2A_20230401T153619_N0510_R068_T18NUJ_20240828T071757 band_count= 12 scene_mb= 421.41 total_gb= 50.236
MONTH 2023-05 items=6 current_gb=50.236
SCENE ok S2B_MSIL2A_20230501T153619_N0510_R068_T18NUK_20240908T081411 band_count= 12 scene_mb= 560.58 total_gb= 50.797
SCENE ok S2B_MSIL2A_20230501T153619_N0510_R068_T18NUJ_20240908T081411 band_count= 12 scene_mb= 408.65 total_gb= 51.205
SCENE ok S2B_MSIL2A_20230511T153619_N0510_R068_T18NUK_20240906T062843 band_count= 12 scene_mb= 559.4 total_gb= 51.765
SCENE ok S2B_MSIL2A_20230511T153619_N0510_R068_T18NUJ_20240906T062843 band_count= 12 scene_mb= 422.57 total_gb= 52.187
SCENE ok S2B_MSIL2A_20230518T152639_N0510_R025_T18NUJ_20240906T090343 band_count= 12 scene_mb= 470.6 total_gb= 52.658
SCENE ok S2B_MSIL2A_20230531T153619_N0510_R068_T18NUJ_20240908T004752 band_count= 12 scene_mb= 417.79 total_gb= 53.076
MONTH 2023-06 items=3 current_gb=53.076
SCENE ok S2B_MSIL2A_20230610T153619_N0510_R068_T18NUK_20240912T091853 band_count= 12 scene_mb= 565.52 total_gb= 53.641
SCENE ok S2B_MSIL2A_20230610T153619_N0510_R068_T18NUJ_20240912T091853 band_count= 12 scene_mb= 420.49 total_gb= 54.062
SCENE ok S2B_MSIL2A_20230620T153619_N0510_R068_T18NUJ_20240910T093212 band_count= 12 scene_mb= 410.29 total_gb= 54.472
MONTH 2023-07 items=5 current_gb=54.472
SCENE ok S2B_MSIL2A_20230710T153619_N0510_R068_T18NUJ_20241010T223120 band_count= 12 scene_mb= 394.96 total_gb= 54.867
SCENE ok S2A_MSIL2A_20230715T153621_N0510_R068_T18NUK_20241012T211413 band_count= 12 scene_mb= 568.84 total_gb= 55.436
SCENE ok S2A_MSIL2A_20230715T153621_N0510_R068_T18NUJ_20241012T211413 band_count= 12 scene_mb= 413.14 total_gb= 55.849
SCENE ok S2B_MSIL2A_20230720T153629_N0510_R068_T18NUK_20241013T101620 band_count= 12 scene_mb= 559.94 total_gb= 56.409
SCENE ok S2B_MSIL2A_20230720T153629_N0510_R068_T18NUJ_20241013T101620 band_count= 12 scene_mb= 406.24 total_gb= 56.815
MONTH 2023-08 items=7 current_gb=56.815
SCENE ok S2A_MSIL2A_20230804T153621_N0510_R068_T18NUK_20241026T133911 band_count= 12 scene_mb= 569.75 total_gb= 57.385
SCENE ok S2A_MSIL2A_20230804T153621_N0510_R068_T18NUJ_20241026T133911 band_count= 12 scene_mb= 405.43 total_gb= 57.79
SCENE ok S2A_MSIL2A_20230814T153621_N0510_R068_T18NUK_20241020T072802 band_count= 12 scene_mb= 574.78 total_gb= 58.365
SCENE ok S2B_MSIL2A_20230819T153629_N0510_R068_T18NUK_20241027T133936 band_count= 12 scene_mb= 576.35 total_gb= 58.942
SCENE ok S2B_MSIL2A_20230819T153629_N0510_R068_T18NUJ_20241027T133936 band_count= 12 scene_mb= 427.53 total_gb= 59.369
SCENE ok S2B_MSIL2A_20230829T153619_N0510_R068_T18NUK_20241019T035245 band_count= 12 scene_mb= 552.35 total_gb= 59.921
SCENE ok S2B_MSIL2A_20230829T153619_N0510_R068_T18NUJ_20241019T035245 band_count= 12 scene_mb= 405.28 total_gb= 60.327
MONTH 2023-09 items=4 current_gb=60.327
SCENE ok S2B_MSIL2A_20230908T153619_N0510_R068_T18NUJ_20241104T110413 band_count= 12 scene_mb= 387.74 total_gb= 60.714
SCENE ok S2A_MSIL2A_20230913T153621_N0510_R068_T18NUK_20241025T055729 band_count= 12 scene_mb= 553.88 total_gb= 61.268
SCENE ok S2A_MSIL2A_20230913T153621_N0510_R068_T18NUJ_20241025T055729 band_count= 12 scene_mb= 413.15 total_gb= 61.681
SCENE ok S2A_MSIL2A_20230923T153621_N0510_R068_T18NUJ_20241105T100008 band_count= 12 scene_mb= 413.85 total_gb= 62.095
MONTH 2023-10 items=4 current_gb=62.095
SCENE ok S2A_MSIL2A_20231013T153621_N0510_R068_T18NUJ_20241107T010950 band_count= 12 scene_mb= 423.86 total_gb= 62.519
SCENE ok S2B_MSIL2A_20231018T153619_N0510_R068_T18NUK_20240916T193932 band_count= 12 scene_mb= 565.15 total_gb= 63.084
SCENE ok S2A_MSIL2A_20231023T153631_N0510_R068_T18NUK_20240917T223603 band_count= 12 scene_mb= 561.66 total_gb= 63.646
SCENE ok S2A_MSIL2A_20231023T153631_N0510_R068_T18NUJ_20240917T223603 band_count= 12 scene_mb= 402.78 total_gb= 64.049
MONTH 2023-11 items=2 current_gb=64.049
SCENE ok S2B_MSIL2A_20231127T153619_N0510_R068_T18NUK_20241026T034938 band_count= 12 scene_mb= 583.42 total_gb= 64.632
SCENE ok S2B_MSIL2A_20231127T153619_N0510_R068_T18NUJ_20241026T034938 band_count= 12 scene_mb= 430.15 total_gb= 65.062
MONTH 2023-12 items=2 current_gb=65.062
SCENE ok S2B_MSIL2A_20231207T153619_N0510_R068_T18NUK_20241109T105913 band_count= 12 scene_mb= 592.45 total_gb= 65.655
SCENE ok S2A_MSIL2A_20231212T153621_N0510_R068_T18NUJ_20241109T145746 band_count= 12 scene_mb= 384.01 total_gb= 66.039
MONTH 2024-01 items=8 current_gb=66.039
SCENE ok S2B_MSIL2A_20240106T153629_N0510_R068_T18NUK_20240106T193351 band_count= 12 scene_mb= 568.57 total_gb= 66.607
SCENE ok S2B_MSIL2A_20240106T153629_N0510_R068_T18NUJ_20240106T193351 band_count= 12 scene_mb= 414.87 total_gb= 67.022
SCENE ok S2A_MSIL2A_20240111T153621_N0510_R068_T18NUJ_20240111T204451 band_count= 12 scene_mb= 436.93 total_gb= 67.459
SCENE ok S2B_MSIL2A_20240116T153629_N0510_R068_T18NUK_20240116T192739 band_count= 12 scene_mb= 575.51 total_gb= 68.035
SCENE ok S2B_MSIL2A_20240116T153629_N0510_R068_T18NUJ_20240116T192739 band_count= 12 scene_mb= 417.01 total_gb= 68.452
SCENE ok S2B_MSIL2A_20240126T153629_N0510_R068_T18NUK_20240126T192933 band_count= 12 scene_mb= 586.53 total_gb= 69.038
SCENE ok S2B_MSIL2A_20240126T153629_N0510_R068_T18NUJ_20240126T192933 band_count= 12 scene_mb= 419.98 total_gb= 69.458
SCENE ok S2A_MSIL2A_20240131T153621_N0510_R068_T18NUJ_20240131T204352 band_count= 12 scene_mb= 436.64 total_gb= 69.895
MONTH 2024-02 items=4 current_gb=69.895
SCENE ok S2B_MSIL2A_20240215T153629_N0510_R068_T18NUK_20240215T204204 band_count= 12 scene_mb= 572.01 total_gb= 70.467
SCENE ok S2B_MSIL2A_20240215T153629_N0510_R068_T18NUJ_20240215T204204 band_count= 12 scene_mb= 412.87 total_gb= 70.88
SCENE ok S2A_MSIL2A_20240220T153621_N0510_R068_T18NUJ_20240220T205851 band_count= 12 scene_mb= 434.19 total_gb= 71.314
SCENE ok S2B_MSIL2A_20240225T153629_N0510_R068_T18NUJ_20240225T210732 band_count= 12 scene_mb= 427.43 total_gb= 71.741
MONTH 2024-03 items=3 current_gb=71.741
SCENE ok S2B_MSIL2A_20240316T153629_N0510_R068_T18NUK_20240316T204142 band_count= 12 scene_mb= 581.17 total_gb= 72.322
SCENE ok S2B_MSIL2A_20240316T153629_N0510_R068_T18NUJ_20240316T204142 band_count= 12 scene_mb= 424.03 total_gb= 72.747
SCENE ok S2B_MSIL2A_20240326T153629_N0510_R068_T18NUK_20240326T212126 band_count= 12 scene_mb= 568.01 total_gb= 73.315
MONTH 2024-04 items=5 current_gb=73.315
SCENE ok S2B_MSIL2A_20240405T153629_N0510_R068_T18NUK_20240405T214503 band_count= 12 scene_mb= 578.26 total_gb= 73.893
SCENE ok S2A_MSIL2A_20240410T153631_N0510_R068_T18NUK_20240410T222654 band_count= 12 scene_mb= 565.55 total_gb= 74.458
SCENE ok S2A_MSIL2A_20240410T153631_N0510_R068_T18NUJ_20240410T222654 band_count= 12 scene_mb= 420.66 total_gb= 74.879
SCENE ok S2A_MSIL2A_20240420T153631_N0510_R068_T18NUK_20240420T221250 band_count= 12 scene_mb= 559.98 total_gb= 75.439
SCENE ok S2A_MSIL2A_20240430T153631_N0510_R068_T18NUJ_20240430T204052 band_count= 12 scene_mb= 409.62 total_gb= 75.849
MONTH 2024-05 items=2 current_gb=75.849
SCENE ok S2A_MSIL2A_20240530T153631_N0510_R068_T18NUK_20240530T233411 band_count= 12 scene_mb= 384.07 total_gb= 76.233
SCENE ok S2A_MSIL2A_20240530T153631_N0510_R068_T18NUJ_20240530T233411 band_count= 12 scene_mb= 418.64 total_gb= 76.651
MONTH 2024-06 items=4 current_gb=76.651
SCENE ok S2A_MSIL2A_20240609T153631_N0510_R068_T18NUJ_20240609T224144 band_count= 12 scene_mb= 413.14 total_gb= 77.064
SCENE ok S2B_MSIL2A_20240624T153629_N0510_R068_T18NUK_20240624T210611 band_count= 12 scene_mb= 563.15 total_gb= 77.628
SCENE ok S2A_MSIL2A_20240629T153631_N0510_R068_T18NUK_20240629T223352 band_count= 12 scene_mb= 583.48 total_gb= 78.211
SCENE ok S2A_MSIL2A_20240629T153631_N0510_R068_T18NUJ_20240629T223352 band_count= 12 scene_mb= 419.0 total_gb= 78.63
MONTH 2024-07 items=2 current_gb=78.630
SCENE ok S2A_MSIL2A_20240729T153631_N0511_R068_T18NUK_20240730T000450 band_count= 12 scene_mb= 553.64 total_gb= 79.184
SCENE ok S2A_MSIL2A_20240729T153631_N0511_R068_T18NUJ_20240730T000450 band_count= 12 scene_mb= 402.34 total_gb= 79.586
MONTH 2024-08 items=10 current_gb=79.586
SCENE ok S2A_MSIL2A_20240808T153631_N0511_R068_T18NUK_20240809T000205 band_count= 12 scene_mb= 586.79 total_gb= 80.173
SCENE ok S2A_MSIL2A_20240808T153631_N0511_R068_T18NUJ_20240809T000205 band_count= 12 scene_mb= 436.48 total_gb= 80.609
SCENE ok S2B_MSIL2A_20240813T153629_N0511_R068_T18NUK_20240813T210539 band_count= 12 scene_mb= 549.02 total_gb= 81.158
SCENE ok S2B_MSIL2A_20240813T153629_N0511_R068_T18NUJ_20240813T210539 band_count= 12 scene_mb= 398.98 total_gb= 81.557
SCENE ok S2A_MSIL2A_20240818T153631_N0511_R068_T18NUK_20240818T222744 band_count= 12 scene_mb= 577.79 total_gb= 82.135
SCENE ok S2A_MSIL2A_20240818T153631_N0511_R068_T18NUJ_20240818T222744 band_count= 12 scene_mb= 420.6 total_gb= 82.556
SCENE ok S2B_MSIL2A_20240823T153629_N0511_R068_T18NUK_20240823T221138 band_count= 12 scene_mb= 584.24 total_gb= 83.14
SCENE ok S2B_MSIL2A_20240823T153629_N0511_R068_T18NUJ_20240823T221138 band_count= 12 scene_mb= 433.43 total_gb= 83.573
SCENE ok S2A_MSIL2A_20240828T153621_N0511_R068_T18NUK_20240828T220158 band_count= 12 scene_mb= 574.66 total_gb= 84.148
SCENE ok S2A_MSIL2A_20240828T153621_N0511_R068_T18NUJ_20240828T220158 band_count= 12 scene_mb= 424.59 total_gb= 84.573
MONTH 2024-09 items=5 current_gb=84.573
SCENE ok S2B_MSIL2A_20240902T153629_N0511_R068_T18NUK_20240902T204032 band_count= 12 scene_mb= 556.12 total_gb= 85.129
SCENE ok S2B_MSIL2A_20240902T153629_N0511_R068_T18NUJ_20240902T204032 band_count= 12 scene_mb= 399.58 total_gb= 85.528
SCENE ok S2B_MSIL2A_20240912T153629_N0511_R068_T18NUJ_20240912T212704 band_count= 12 scene_mb= 417.77 total_gb= 85.946
SCENE ok S2A_MSIL2A_20240917T153631_N0511_R068_T18NUK_20240917T233800 band_count= 12 scene_mb= 537.13 total_gb= 86.483
SCENE ok S2A_MSIL2A_20240917T153631_N0511_R068_T18NUJ_20240917T233800 band_count= 12 scene_mb= 398.04 total_gb= 86.881
MONTH 2024-10 items=6 current_gb=86.881
SCENE ok S2B_MSIL2A_20241002T153629_N0511_R068_T18NUK_20241002T212040 band_count= 12 scene_mb= 561.04 total_gb= 87.442
SCENE ok S2B_MSIL2A_20241002T153629_N0511_R068_T18NUJ_20241002T212040 band_count= 12 scene_mb= 401.41 total_gb= 87.844
SCENE ok S2B_MSIL2A_20241012T153629_N0511_R068_T18NUK_20241012T211329 band_count= 12 scene_mb= 574.03 total_gb= 88.418
SCENE ok S2B_MSIL2A_20241012T153629_N0511_R068_T18NUJ_20241012T211329 band_count= 12 scene_mb= 425.37 total_gb= 88.843
SCENE ok S2A_MSIL2A_20241017T153631_N0511_R068_T18NUK_20241017T205049 band_count= 12 scene_mb= 574.87 total_gb= 89.418
SCENE ok S2A_MSIL2A_20241017T153631_N0511_R068_T18NUJ_20241017T205049 band_count= 12 scene_mb= 418.56 total_gb= 89.837
MONTH 2024-11 items=2 current_gb=89.837
SCENE ok S2A_MSIL2A_20241106T153621_N0511_R068_T18NUK_20241106T204953 band_count= 12 scene_mb= 571.17 total_gb= 90.408
SCENE ok S2A_MSIL2A_20241106T153621_N0511_R068_T18NUJ_20241106T204953 band_count= 12 scene_mb= 419.62 total_gb= 90.827
MONTH 2024-12 items=5 current_gb=90.827
SCENE ok S2B_MSIL2A_20241201T153629_N0511_R068_T18NUJ_20241201T192230 band_count= 12 scene_mb= 418.92 total_gb= 91.246
SCENE ok S2B_MSIL2A_20241211T153629_N0511_R068_T18NUK_20241211T221637 band_count= 12 scene_mb= 572.56 total_gb= 91.819
SCENE ok S2B_MSIL2A_20241211T153629_N0511_R068_T18NUJ_20241211T221637 band_count= 12 scene_mb= 428.45 total_gb= 92.247
SCENE ok S2A_MSIL2A_20241216T153631_N0511_R068_T18NUJ_20241216T204252 band_count= 12 scene_mb= 428.0 total_gb= 92.675
SCENE ok S2C_MSIL2A_20241216T153651_N0511_R068_T18NUJ_20260421T103338 band_count= 12 scene_mb= 424.38 total_gb= 93.1
RAW_DOWNLOAD_DONE {
  "created_at_utc": "2026-05-21T04:23:21.691718Z",
  "raw_dir": "/workspace/geovision-cali/downloads_s2_12band_raw",
  "target_bytes": 250000000000,
  "total_size_bytes": 93099659539,
  "total_size_gb_decimal": 93.1,
  "ok_scene_count": 198,
  "error_scene_count": 0,
  "years": [
    2020,
    2024
  ],
  "bbox": [
    -76.6,
    3.3,
    -76.4,
    3.55
  ],
  "cloud_filter": "eo:cloud_cover < 60",
  "bands": [
    "B01",
    "B02",
    "B03",
    "B04",
    "B05",
    "B06",
    "B07",
    "B08",
    "B8A",
    "B09",
    "B11",
    "B12"
  ],
  "band_resolutions_m": {
    "B01": 60,
    "B02": 10,
    "B03": 10,
    "B04": 10,
    "B05": 20,
    "B06": 20,
    "B07": 20,
    "B08": 10,
    "B8A": 20,
    "B09": 60,
    "B11": 20,
    "B12": 20
  },
  "source": "Sentinel-2 L2A / Copernicus Data Space Ecosystem",
  "note": "Raw 12-band JP2 band files retained for project panel-size evidence and reproducible feature extraction. Final model-ready Parquet is separately aggregated/compressed."
}
